Component: ARM Compiler 5.06 update 7 (build 960) Tool: armlink [4d3601]

==============================================================================

Section Cross References

    main.o(i.Mode_Set) refers to gpio.o(.bss) for key
    main.o(i.Mode_Set) refers to main.o(.data) for mode
    main.o(i.Time_Set) refers to ds1302.o(i.DS1302_Init) for DS1302_Init
    main.o(i.Time_Set) refers to ds1302.o(i.DS1302_WriteTime) for DS1302_WriteTime
    main.o(i.Time_Set) refers to gpio.o(.bss) for key
    main.o(i.Time_Set) refers to main.o(.data) for set
    main.o(i.Time_Set) refers to ds1302.o(.bss) for TimeData
    main.o(i.Time_Set) refers to ds1302.o(.data) for time_buf
    main.o(i.main) refers to delay.o(i.delay_init) for delay_init
    main.o(i.main) refers to gpio.o(i.IO_init) for IO_init
    main.o(i.main) refers to gpio.o(i.Key_Init) for Key_Init
    main.o(i.main) refers to misc.o(i.NVIC_PriorityGroupConfig) for NVIC_PriorityGroupConfig
    main.o(i.main) refers to usart.o(i.uart_init) for uart_init
    main.o(i.main) refers to ds1302.o(i.DS1302_Init) for DS1302_Init
    main.o(i.main) refers to ds1302.o(i.DS1302_WriteTime) for DS1302_WriteTime
    main.o(i.main) refers to tim3.o(i.TIM3_Int_Init) for TIM3_Int_Init
    main.o(i.main) refers to lcd.o(i.LCD_Init) for LCD_Init
    main.o(i.main) refers to dht11.o(i.DHT11_Init) for DHT11_Init
    main.o(i.main) refers to dht11.o(i.DHT11_Read_Data) for DHT11_Read_Data
    main.o(i.main) refers to usart3.o(i.usart3_init) for usart3_init
    main.o(i.main) refers to malloc.o(i.my_mem_init) for my_mem_init
    main.o(i.main) refers to esp8266.o(i.atk_8266_wifista_config) for atk_8266_wifista_config
    main.o(i.main) refers to delay.o(i.delay_ms) for delay_ms
    main.o(i.main) refers to esp8266.o(i.get_current_weather) for get_current_weather
    main.o(i.main) refers to gpio.o(i.Key_Control) for Key_Control
    main.o(i.main) refers to main.o(i.Mode_Set) for Mode_Set
    main.o(i.main) refers to ds1302.o(i.DS1302_GetTime) for DS1302_GetTime
    main.o(i.main) refers to lcd.o(i.LCD_Dis_Init) for LCD_Dis_Init
    main.o(i.main) refers to lcd.o(i.Time_Show) for Time_Show
    main.o(i.main) refers to lcd.o(i.Week_Control) for Week_Control
    main.o(i.main) refers to main.o(i.Time_Set) for Time_Set
    main.o(i.main) refers to lcd.o(i.Time_Set_Show) for Time_Set_Show
    main.o(i.main) refers to ds1302.o(.data) for time_buf
    main.o(i.main) refers to main.o(.data) for Humi
    main.o(i.main) refers to lcd.o(.data) for POINT_COLOR
    main.o(i.main) refers to ds1302.o(.bss) for TimeData
    system_stm32f10x.o(i.SetSysClock) refers to system_stm32f10x.o(i.SetSysClockTo72) for SetSysClockTo72
    system_stm32f10x.o(i.SystemCoreClockUpdate) refers to system_stm32f10x.o(.data) for SystemCoreClock
    system_stm32f10x.o(i.SystemInit) refers to system_stm32f10x.o(i.SetSysClock) for SetSysClock
    gpio.o(i.IO_init) refers to stm32f10x_rcc.o(i.RCC_APB2PeriphClockCmd) for RCC_APB2PeriphClockCmd
    gpio.o(i.IO_init) refers to stm32f10x_gpio.o(i.GPIO_Init) for GPIO_Init
    gpio.o(i.IO_init) refers to stm32f10x_gpio.o(i.GPIO_SetBits) for GPIO_SetBits
    gpio.o(i.Key_Control) refers to stm32f10x_gpio.o(i.GPIO_ReadInputDataBit) for GPIO_ReadInputDataBit
    gpio.o(i.Key_Control) refers to main.o(.data) for key_count
    gpio.o(i.Key_Control) refers to gpio.o(.bss) for key
    gpio.o(i.Key_Init) refers to stm32f10x_rcc.o(i.RCC_APB2PeriphClockCmd) for RCC_APB2PeriphClockCmd
    gpio.o(i.Key_Init) refers to stm32f10x_gpio.o(i.GPIO_Init) for GPIO_Init
    ds1302.o(i.DS1302_GetTime) refers to ds1302.o(i.DS1302_ReadTime) for DS1302_ReadTime
    ds1302.o(i.DS1302_GetTime) refers to ds1302.o(.data) for time_buf
    ds1302.o(i.DS1302_GetTime) refers to ds1302.o(.bss) for TimeData
    ds1302.o(i.DS1302_IO_Input) refers to stm32f10x_rcc.o(i.RCC_APB2PeriphClockCmd) for RCC_APB2PeriphClockCmd
    ds1302.o(i.DS1302_IO_Input) refers to stm32f10x_gpio.o(i.GPIO_Init) for GPIO_Init
    ds1302.o(i.DS1302_IO_Output) refers to stm32f10x_rcc.o(i.RCC_APB2PeriphClockCmd) for RCC_APB2PeriphClockCmd
    ds1302.o(i.DS1302_IO_Output) refers to stm32f10x_gpio.o(i.GPIO_Init) for GPIO_Init
    ds1302.o(i.DS1302_IO_Output) refers to stm32f10x_gpio.o(i.GPIO_ResetBits) for GPIO_ResetBits
    ds1302.o(i.DS1302_Init) refers to stm32f10x_rcc.o(i.RCC_APB2PeriphClockCmd) for RCC_APB2PeriphClockCmd
    ds1302.o(i.DS1302_Init) refers to stm32f10x_gpio.o(i.GPIO_Init) for GPIO_Init
    ds1302.o(i.DS1302_Init) refers to stm32f10x_gpio.o(i.GPIO_ResetBits) for GPIO_ResetBits
    ds1302.o(i.DS1302_ReadByte) refers to ds1302.o(i.DS1302_IO_Output) for DS1302_IO_Output
    ds1302.o(i.DS1302_ReadByte) refers to ds1302.o(i.DS1302_IO_Input) for DS1302_IO_Input
    ds1302.o(i.DS1302_ReadTime) refers to ds1302.o(i.DS1302_ReadByte) for DS1302_ReadByte
    ds1302.o(i.DS1302_ReadTime) refers to ds1302.o(.data) for time_buf
    ds1302.o(i.DS1302_WriteByte) refers to ds1302.o(i.DS1302_IO_Output) for DS1302_IO_Output
[...]
    i.my_mem_init                            0x0800694c   Section        0  malloc.o(i.my_mem_init)
    i.my_mem_malloc                          0x08006990   Section        0  malloc.o(i.my_mem_malloc)
    i.my_mem_perused                         0x08006a38   Section        0  malloc.o(i.my_mem_perused)
    i.myfree                                 0x08006a78   Section        0  malloc.o(i.myfree)
    i.mymalloc                               0x08006a9c   Section        0  malloc.o(i.mymalloc)
    i.mymemset                               0x08006ac4   Section        0  malloc.o(i.mymemset)
    i.parse_now_weather                      0x08006ad8   Section        0  parsejson.o(i.parse_now_weather)
    i.u3_printf                              0x08006fbc   Section        0  usart3.o(i.u3_printf)
    i.uart_init                              0x0800700c   Section        0  usart.o(i.uart_init)
    i.usart3_init                            0x080070ac   Section        0  usart3.o(i.usart3_init)
    locale$$code                             0x0800717c   Section       44  lc_numeric_c.o(locale$$code)
    locale$$code                             0x080071a8   Section       44  lc_ctype_c.o(locale$$code)
    x$fpl$dfixu                              0x080071d4   Section       90  dfixu.o(x$fpl$dfixu)
    x$fpl$dfltu                              0x0800722e   Section       38  dflt_clz.o(x$fpl$dfltu)
    x$fpl$dmul                               0x08007254   Section      340  dmul.o(x$fpl$dmul)
    x$fpl$dnaninf                            0x080073a8   Section      156  dnaninf.o(x$fpl$dnaninf)
    x$fpl$dretinf                            0x08007444   Section       12  dretinf.o(x$fpl$dretinf)
    x$fpl$printf1                            0x08007450   Section        4  printf1.o(x$fpl$printf1)
    .constdata                               0x08007454   Section    11960  lcd.o(.constdata)
    x$fpl$usenofp                            0x08007454   Section        0  usenofp.o(x$fpl$usenofp)
    .constdata                               0x0800a30c   Section       24  malloc.o(.constdata)
    .constdata                               0x0800a324   Section    41804  utf8togbk.o(.constdata)
    .constdata                               0x08014670   Section       40  _printf_hex_int_ll_ptr.o(.constdata)
    uc_hextab                                0x08014670   Data          20  _printf_hex_int_ll_ptr.o(.constdata)
    lc_hextab                                0x08014684   Data          20  _printf_hex_int_ll_ptr.o(.constdata)
    .constdata                               0x08014698   Section       17  __printf_flags_ss_wp.o(.constdata)
    maptable                                 0x08014698   Data          17  __printf_flags_ss_wp.o(.constdata)
    .constdata                               0x080146ac   Section        8  _printf_wctomb.o(.constdata)
    initial_mbstate                          0x080146ac   Data           8  _printf_wctomb.o(.constdata)
    .constdata                               0x080146b4   Section      148  bigflt0.o(.constdata)
    tenpwrs_x                                0x080146b4   Data          60  bigflt0.o(.constdata)
    tenpwrs_i                                0x080146f0   Data          64  bigflt0.o(.constdata)
    .conststring                             0x08014748   Section      312  esp8266.o(.conststring)
    locale$$data                             0x080148a0   Section       28  lc_numeric_c.o(locale$$data)
    __lcnum_c_name                           0x080148a4   Data           2  lc_numeric_c.o(locale$$data)
    __lcnum_c_start                          0x080148ac   Data           0  lc_numeric_c.o(locale$$data)
    __lcnum_c_point                          0x080148b8   Data           0  lc_numeric_c.o(locale$$data)
    __lcnum_c_thousands                      0x080148ba   Data           0  lc_numeric_c.o(locale$$data)
    __lcnum_c_grouping                       0x080148bb   Data           0  lc_numeric_c.o(locale$$data)
    locale$$data                             0x080148bc   Section      272  lc_ctype_c.o(locale$$data)
    __lcnum_c_end                            0x080148bc   Data           0  lc_numeric_c.o(locale$$data)
    __lcctype_c_name                         0x080148c0   Data           2  lc_ctype_c.o(locale$$data)
    __lcctype_c_start                        0x080148c8   Data           0  lc_ctype_c.o(locale$$data)
    __lcctype_c_end                          0x080149cc   Data           0  lc_ctype_c.o(locale$$data)
    .data                                    0x20000000   Section       26  main.o(.data)
    .data                                    0x2000001c   Section       20  system_stm32f10x.o(.data)
    .data                                    0x20000030   Section       10  ds1302.o(.data)
    .data                                    0x2000003a   Section        4  lcd.o(.data)
    .data                                    0x2000003e   Section        2  usart3.o(.data)
    .data                                    0x20000040   Section       36  esp8266.o(.data)
    .data                                    0x20000064   Section       28  malloc.o(.data)
    .data                                    0x20000080   Section        4  delay.o(.data)
    fac_us                                   0x20000080   Data           1  delay.o(.data)
    fac_ms                                   0x20000082   Data           2  delay.o(.data)
    .data                                    0x20000084   Section        6  usart.o(.data)
    .data                                    0x2000008a   Section       20  stm32f10x_rcc.o(.data)
    APBAHBPrescTable                         0x2000008a   Data          16  stm32f10x_rcc.o(.data)
    ADCPrescTable                            0x2000009a   Data           4  stm32f10x_rcc.o(.data)
    .bss                                     0x200000a0   Section       24  gpio.o(.bss)
    .bss                                     0x200000b8   Section       26  ds1302.o(.bss)
    .bss                                     0x200000d2   Section       14  lcd.o(.bss)
    .bss                                     0x200000e0   Section     2100  usart3.o(.bss)
    .bss                                     0x20000920   Section    21760  malloc.o(.bss)
    .bss                                     0x20005e20   Section      200  usart.o(.bss)
    .bss                                     0x20005ee8   Section       96  libspace.o(.bss)
    HEAP                                     0x20005f48   Section      512  startup_stm32f10x_hd.o(HEAP)
    Heap_Mem                                 0x20005f48   Data         512  startup_stm32f10x_hd.o(HEAP)
    STACK                                    0x20006148   Section     1024  startup_stm32f10x_hd.o(STACK)
    Stack_Mem                                0x20006148   Data        1024  startup_stm32f10x_hd.o(STACK)
    __initial_sp                             0x20006548   Data           0  startup_stm32f10x_hd.o(STACK)
    .ARM.__AT_0x68000000                     0x68000000   Section    983040  malloc.o(.ARM.__AT_0x68000000)
    .ARM.__AT_0x680F0000                     0x680f0000   Section    61440  malloc.o(.ARM.__AT_0x680F0000)

    Global Symbols

    Symbol Name                              Value     Ov Type        Size  Object(Section)

    BuildAttributes$$THM_ISAv4$P$D$K$B$S$PE$A:L22UL41UL21$X:L11$S22US41US21$IEEE1$IW$USESV6$~STKCKD$USESV7$~SHL$OTIME$ROPI$IEEEJ$EBA8$UX$STANDARDLIB$REQ8$PRES8$EABIv2 0x00000000   Number         0  anon$$obj.o ABSOLUTE
    __ARM_use_no_argv                        0x00000000   Number         0  main.o ABSOLUTE
    _printf_flags                            0x00000000   Number         0  printf_stubs.o ABSOLUTE
    _printf_return_value                     0x00000000   Number         0  printf_stubs.o ABSOLUTE
    _printf_sizespec                         0x00000000   Number         0  printf_stubs.o ABSOLUTE
    _printf_widthprec                        0x00000000   Number         0  printf_stubs.o ABSOLUTE
    __ARM_exceptions_init                     - Undefined Weak Reference
    __alloca_initialize                       - Undefined Weak Reference
    __arm_fini_                               - Undefined Weak Reference
    __arm_preinit_                            - Undefined Weak Reference
    __cpp_initialize__aeabi_                  - Undefined Weak Reference
    __cxa_finalize                            - Undefined Weak Reference
    __sigvec_lookup                           - Undefined Weak Reference
    _atexit_init                              - Undefined Weak Reference
    _call_atexit_fns                          - Undefined Weak Reference
    _clock_init                               - Undefined Weak Reference
    _fp_trap_init                             - Undefined Weak Reference
    _fp_trap_shutdown                         - Undefined Weak Reference
    _get_lc_collate                           - Undefined Weak Reference
    _get_lc_monetary                          - Undefined Weak Reference
    _get_lc_time                              - Undefined Weak Reference
    _getenv_init                              - Undefined Weak Reference
    _handle_redirection                       - Undefined Weak Reference
    _init_alloc                               - Undefined Weak Reference
    _init_user_alloc                          - Undefined Weak Reference
    _initio                                   - Undefined Weak Reference
    _mutex_acquire                            - Undefined Weak Reference
    _mutex_release                            - Undefined Weak Reference
    _printf_fp_hex                            - Undefined Weak Reference
    _printf_mbtowc                            - Undefined Weak Reference
    _printf_wc                                - Undefined Weak Reference
    _rand_init                                - Undefined Weak Reference
    _signal_finish                            - Undefined Weak Reference
    _signal_init                              - Undefined Weak Reference
    _terminate_alloc                          - Undefined Weak Reference
    _terminate_user_alloc                     - Undefined Weak Reference
    _terminateio                              - Undefined Weak Reference
    __Vectors_Size                           0x00000130   Number         0  startup_stm32f10x_hd.o ABSOLUTE
    __Vectors                                0x08000000   Data           4  startup_stm32f10x_hd.o(RESET)
    __Vectors_End                            0x08000130   Data           0  startup_stm32f10x_hd.o(RESET)
    __main                                   0x08000131   Thumb Code     8  __main.o(!!!main)
    __scatterload                            0x08000139   Thumb Code     0  __scatter.o(!!!scatter)
    __scatterload_rt2                        0x08000139   Thumb Code    44  __scatter.o(!!!scatter)
    __scatterload_rt2_thumb_only             0x08000139   Thumb Code     0  __scatter.o(!!!scatter)
    __scatterload_null                       0x08000147   Thumb Code     0  __scatter.o(!!!scatter)
    __scatterload_copy                       0x0800016d   Thumb Code    26  __scatter_copy.o(!!handler_copy)
    __scatterload_zeroinit                   0x08000189   Thumb Code    28  __scatter_zi.o(!!handler_zi)
    _printf_n                                0x080001a5   Thumb Code     0  _printf_n.o(.ARM.Collect$$_printf_percent$$00000001)
    _printf_percent                          0x080001a5   Thumb Code     0  _printf_percent.o(.ARM.Collect$$_printf_percent$$00000000)
    _printf_p                                0x080001ab   Thumb Code     0  _printf_p.o(.ARM.Collect$$_printf_percent$$00000002)
    _printf_f                                0x080001b1   Thumb Code     0  _printf_f.o(.ARM.Collect$$_printf_percent$$00000003)
    _printf_e                                0x080001b7   Thumb Code     0  _printf_e.o(.ARM.Collect$$_printf_percent$$00000004)
    _printf_g                                0x080001bd   Thumb Code     0  _printf_g.o(.ARM.Collect$$_printf_percent$$00000005)
    _printf_a                                0x080001c3   Thumb Code     0  _printf_a.o(.ARM.Collect$$_printf_percent$$00000006)
    _printf_ll                               0x080001c9   Thumb Code     0  _printf_ll.o(.ARM.Collect$$_printf_percent$$00000007)
    _printf_i                                0x080001d3   Thumb Code     0  _printf_i.o(.ARM.Collect$$_printf_percent$$00000008)
    _printf_d                                0x080001d9   Thumb Code     0  _printf_d.o(.ARM.Collect$$_printf_percent$$00000009)
    _printf_u                                0x080001df   Thumb Code     0  _printf_u.o(.ARM.Collect$$_printf_percent$$0000000A)
    _printf_o                                0x080001e5   Thumb Code     0  _printf_o.o(.ARM.Collect$$_printf_percent$$0000000B)
    _printf_x                                0x080001eb   Thumb Code     0  _printf_x.o(.ARM.Collect$$_printf_percent$$0000000C)
    _printf_lli                              0x080001f1   Thumb Code     0  _printf_lli.o(.ARM.Collect$$_printf_percent$$0000000D)
    _printf_lld                              0x080001f7   Thumb Code     0  _printf_lld.o(.ARM.Collect$$_printf_percent$$0000000E)
    _printf_llu                              0x080001fd   Thumb Code     0  _printf_llu.o(.ARM.Collect$$_printf_percent$$0000000F)
    _printf_llo                              0x08000203   Thumb Code     0  _printf_llo.o(.ARM.Collect$$_printf_percent$$00000010)
    _printf_llx                              0x08000209   Thumb Code     0  _printf_llx.o(.ARM.Collect$$_printf_percent$$00000011)
    _printf_l                                0x0800020f   Thumb Code     0  _printf_l.o(.ARM.Collect$$_printf_percent$$00000012)
    _printf_c                                0x08000219   Thumb Code     0  _printf_c.o(.ARM.Collect$$_printf_percent$$00000013)
    _printf_s                                0x0800021f   Thumb Code     0  _printf_s.o(.ARM.Collect$$_printf_percent$$00000014)
    _printf_lc                               0x08000225   Thumb Code     0  _printf_lc.o(.ARM.Collect$$_printf_percent$$00000015)
    _printf_ls                               0x0800022b   Thumb Code     0  _printf_ls.o(.ARM.Collect$$_printf_percent$$00000016)
    _printf_percent_end                      0x08000231   Thumb Code     0  _printf_percent_end.o(.ARM.Collect$$_printf_percent$$00000017)
    __rt_lib_init                            0x08000235   Thumb Code     0  libinit.o(.ARM.Collect$$libinit$$00000000)
    __rt_lib_init_fp_1                       0x08000237   Thumb Code     0  libinit2.o(.ARM.Collect$$libinit$$00000002)
    __rt_lib_init_heap_1                     0x08000237   Thumb Code     0  libinit2.o(.ARM.Collect$$libinit$$0000000A)
    __rt_lib_init_lc_common                  0x08000237   Thumb Code     0  libinit2.o(.ARM.Collect$$libinit$$0000000F)
    __rt_lib_init_preinit_1                  0x08000237   Thumb Code     0  libinit2.o(.ARM.Collect$$libinit$$00000004)
    __rt_lib_init_rand_1                     0x08000237   Thumb Code     0  libinit2.o(.ARM.Collect$$libinit$$0000000E)
    __rt_lib_init_user_alloc_1               0x08000237   Thumb Code     0  libinit2.o(.ARM.Collect$$libinit$$0000000C)
    __rt_lib_init_lc_collate_1               0x0800023d   Thumb Code     0  libinit2.o(.ARM.Collect$$libinit$$00000011)
    __rt_lib_init_lc_ctype_2                 0x0800023d   Thumb Code     0  libinit2.o(.ARM.Collect$$libinit$$00000012)
    __rt_lib_init_lc_ctype_1                 0x08000249   Thumb Code     0  libinit2.o(.ARM.Collect$$libinit$$00000013)
    __rt_lib_init_lc_monetary_1              0x08000249   Thumb Code     0  libinit2.o(.ARM.Collect$$libinit$$00000015)
    __rt_lib_init_lc_numeric_2               0x08000249   Thumb Code     0  libinit2.o(.ARM.Collect$$libinit$$00000016)
    __rt_lib_init_alloca_1                   0x08000253   Thumb Code     0  libinit2.o(.ARM.Collect$$libinit$$0000002E)
    __rt_lib_init_argv_1                     0x08000253   Thumb Code     0  libinit2.o(.ARM.Collect$$libinit$$0000002C)
    __rt_lib_init_atexit_1                   0x08000253   Thumb Code     0  libinit2.o(.ARM.Collect$$libinit$$0000001B)
    __rt_lib_init_clock_1                    0x08000253   Thumb Code     0  libinit2.o(.ARM.Collect$$libinit$$00000021)
    __rt_lib_init_cpp_1                      0x08000253   Thumb Code     0  libinit2.o(.ARM.Collect$$libinit$$00000032)
    __rt_lib_init_exceptions_1               0x08000253   Thumb Code     0  libinit2.o(.ARM.Collect$$libinit$$00000030)
    __rt_lib_init_fp_trap_1                  0x08000253   Thumb Code     0  libinit2.o(.ARM.Collect$$libinit$$0000001F)
    __rt_lib_init_getenv_1                   0x08000253   Thumb Code     0  libinit2.o(.ARM.Collect$$libinit$$00000023)
    __rt_lib_init_lc_numeric_1               0x08000253   Thumb Code     0  libinit2.o(.ARM.Collect$$libinit$$00000017)
    __rt_lib_init_lc_time_1                  0x08000253   Thumb Code     0  libinit2.o(.ARM.Collect$$libinit$$00000019)
    __rt_lib_init_return                     0x08000253   Thumb Code     0  libinit2.o(.ARM.Collect$$libinit$$00000033)
    __rt_lib_init_signal_1                   0x08000253   Thumb Code     0  libinit2.o(.ARM.Collect$$libinit$$0000001D)
    __rt_lib_init_stdio_1                    0x08000253   Thumb Code     0  libinit2.o(.ARM.Collect$$libinit$$00000025)
    __rt_lib_shutdown                        0x08000255   Thumb Code     0  libshutdown.o(.ARM.Collect$$libshutdown$$00000000)
    __rt_lib_shutdown_cpp_1                  0x08000257   Thumb Code     0  libshutdown2.o(.ARM.Collect$$libshutdown$$00000004)
    __rt_lib_shutdown_fini_1                 0x08000257   Thumb Code     0  libshutdown2.o(.ARM.Collect$$libshutdown$$00000002)
    __rt_lib_shutdown_fp_trap_1              0x08000257   Thumb Code     0  libshutdown2.o(.ARM.Collect$$libshutdown$$00000009)
    __rt_lib_shutdown_heap_1                 0x08000257   Thumb Code     0  libshutdown2.o(.ARM.Collect$$libshutdown$$00000011)
    __rt_lib_shutdown_return                 0x08000257   Thumb Code     0  libshutdown2.o(.ARM.Collect$$libshutdown$$00000012)
    __rt_lib_shutdown_signal_1               0x08000257   Thumb Code     0  libshutdown2.o(.ARM.Collect$$libshutdown$$0000000C)
    __rt_lib_shutdown_stdio_1                0x08000257   Thumb Code     0  libshutdown2.o(.ARM.Collect$$libshutdown$$00000006)
    __rt_lib_shutdown_user_alloc_1           0x08000257   Thumb Code     0  libshutdown2.o(.ARM.Collect$$libshutdown$$0000000E)
    __rt_entry                               0x08000259   Thumb Code     0  __rtentry.o(.ARM.Collect$$rtentry$$00000000)
    __rt_entry_presh_1                       0x08000259   Thumb Code     0  __rtentry2.o(.ARM.Collect$$rtentry$$00000002)
    __rt_entry_sh                            0x08000259   Thumb Code     0  __rtentry4.o(.ARM.Collect$$rtentry$$00000004)
    __rt_entry_li                            0x0800025f   Thumb Code     0  __rtentry2.o(.ARM.Collect$$rtentry$$0000000A)
    __rt_entry_postsh_1                      0x0800025f   Thumb Code     0  __rtentry2.o(.ARM.Collect$$rtentry$$00000009)
    __rt_entry_main                          0x08000263   Thumb Code     0  __rtentry2.o(.ARM.Collect$$rtentry$$0000000D)
    __rt_entry_postli_1                      0x08000263   Thumb Code     0  __rtentry2.o(.ARM.Collect$$rtentry$$0000000C)
    __rt_exit                                0x0800026b   Thumb Code     0  rtexit.o(.ARM.Collect$$rtexit$$00000000)
    __rt_exit_ls                             0x0800026d   Thumb Code     0  rtexit2.o(.ARM.Collect$$rtexit$$00000003)
    __rt_exit_prels_1                        0x0800026d   Thumb Code     0  rtexit2.o(.ARM.Collect$$rtexit$$00000002)
    __rt_exit_exit                           0x08000271   Thumb Code     0  rtexit2.o(.ARM.Collect$$rtexit$$00000004)
    Reset_Handler                            0x08000279   Thumb Code     8  startup_stm32f10x_hd.o(.text)
    ADC1_2_IRQHandler                        0x08000293   Thumb Code     0  startup_stm32f10x_hd.o(.text)
    ADC3_IRQHandler                          0x08000293   Thumb Code     0  startup_stm32f10x_hd.o(.text)
    CAN1_RX1_IRQHandler                      0x08000293   Thumb Code     0  startup_stm32f10x_hd.o(.text)
    CAN1_SCE_IRQHandler                      0x08000293   Thumb Code     0  startup_stm32f10x_hd.o(.text)
    DMA1_Channel1_IRQHandler                 0x08000293   Thumb Code     0  startup_stm32f10x_hd.o(.text)
    DMA1_Channel2_IRQHandler                 0x08000293   Thumb Code     0  startup_stm32f10x_hd.o(.text)
    DMA1_Channel3_IRQHandler                 0x08000293   Thumb Code     0  startup_stm32f10x_hd.o(.text)
    DMA1_Channel4_IRQHandler                 0x08000293   Thumb Code     0  startup_stm32f10x_hd.o(.text)
    DMA1_Channel5_IRQHandler                 0x08000293   Thumb Code     0  startup_stm32f10x_hd.o(.text)
    DMA1_Channel6_IRQHandler                 0x08000293   Thumb Code     0  startup_stm32f10x_hd.o(.text)
    DMA1_Channel7_IRQHandler                 0x08000293   Thumb Code     0  startup_stm32f10x_hd.o(.text)
    DMA2_Channel1_IRQHandler                 0x08000293   Thumb Code     0  startup_stm32f10x_hd.o(.text)
    DMA2_Channel2_IRQHandler                 0x08000293   Thumb Code     0  startup_stm32f10x_hd.o(.text)
    DMA2_Channel3_IRQHandler                 0x08000293   Thumb Code     0  startup_stm32f10x_hd.o(.text)
    DMA2_Channel4_5_IRQHandler               0x08000293   Thumb Code     0  startup_stm32f10x_hd.o(.text)
    EXTI0_IRQHandler                         0x08000293   Thumb Code     0  startup_stm32f10x_hd.o(.text)
    EXTI15_10_IRQHandler                     0x08000293   Thumb Code     0  startup_stm32f10x_hd.o(.text)
    EXTI1_IRQHandler                         0x08000293   Thumb Code     0  startup_stm32f10x_hd.o(.text)
    EXTI2_IRQHandler                         0x08000293   Thumb Code     0  startup_stm32f10x_hd.o(.text)
    EXTI3_IRQHandler                         0x08000293   Thumb Code     0  startup_stm32f10x_hd.o(.text)
    EXTI4_IRQHandler                         0x08000293   Thumb Code     0  startup_stm32f10x_hd.o(.text)
    EXTI9_5_IRQHandler                       0x08000293   Thumb Code     0  startup_stm32f10x_hd.o(.text)
    FLASH_IRQHandler                         0x08000293   Thumb Code     0  startup_stm32f10x_hd.o(.text)
    FSMC_IRQHandler                          0x08000293   Thumb Code     0  startup_stm32f10x_hd.o(.text)
    I2C1_ER_IRQHandler                       0x08000293   Thumb Code     0  startup_stm32f10x_hd.o(.text)
    I2C1_EV_IRQHandler                       0x08000293   Thumb Code     0  startup_stm32f10x_hd.o(.text)
    I2C2_ER_IRQHandler                       0x08000293   Thumb Code     0  startup_stm32f10x_hd.o(.text)
    I2C2_EV_IRQHandler                       0x08000293   Thumb Code     0  startup_stm32f10x_hd.o(.text)
    PVD_IRQHandler                           0x08000293   Thumb Code     0  startup_stm32f10x_hd.o(.text)
    RCC_IRQHandler                           0x08000293   Thumb Code     0  startup_stm32f10x_hd.o(.text)
    RTCAlarm_IRQHandler                      0x08000293   Thumb Code     0  startup_stm32f10x_hd.o(.text)
    RTC_IRQHandler                           0x08000293   Thumb Code     0  startup_stm32f10x_hd.o(.text)
    SDIO_IRQHandler                          0x08000293   Thumb Code     0  startup_stm32f10x_hd.o(.text)
    SPI1_IRQHandler                          0x08000293   Thumb Code     0  startup_stm32f10x_hd.o(.text)
    SPI2_IRQHandler                          0x08000293   Thumb Code     0  startup_stm32f10x_hd.o(.text)
    SPI3_IRQHandler                          0x08000293   Thumb Code     0  startup_stm32f10x_hd.o(.text)
    TAMPER_IRQHandler                        0x08000293   Thumb Code     0  startup_stm32f10x_hd.o(.text)
    TIM1_BRK_IRQHandler                      0x08000293   Thumb Code     0  startup_stm32f10x_hd.o(.text)
    TIM1_CC_IRQHandler                       0x08000293   Thumb Code     0  startup_stm32f10x_hd.o(.text)
    TIM1_TRG_COM_IRQHandler                  0x08000293   Thumb Code     0  startup_stm32f10x_hd.o(.text)
    TIM1_UP_IRQHandler                       0x08000293   Thumb Code     0  startup_stm32f10x_hd.o(.text)
    TIM2_IRQHandler                          0x08000293   Thumb Code     0  startup_stm32f10x_hd.o(.text)
    TIM4_IRQHandler                          0x08000293   Thumb Code     0  startup_stm32f10x_hd.o(.text)
    TIM5_IRQHandler                          0x08000293   Thumb Code     0  startup_stm32f10x_hd.o(.text)
    TIM6_IRQHandler                          0x08000293   Thumb Code     0  startup_stm32f10x_hd.o(.text)
    TIM8_BRK_IRQHandler                      0x08000293   Thumb Code     0  startup_stm32f10x_hd.o(.text)
    TIM8_CC_IRQHandler                       0x08000293   Thumb Code     0  startup_stm32f10x_hd.o(.text)
    TIM8_TRG_COM_IRQHandler                  0x08000293   Thumb Code     0  startup_stm32f10x_hd.o(.text)
    TIM8_UP_IRQHandler                       0x08000293   Thumb Code     0  startup_stm32f10x_hd.o(.text)
    UART4_IRQHandler                         0x08000293   Thumb Code     0  startup_stm32f10x_hd.o(.text)
    UART5_IRQHandler                         0x08000293   Thumb Code     0  startup_stm32f10x_hd.o(.text)
    USART2_IRQHandler                        0x08000293   Thumb Code     0  startup_stm32f10x_hd.o(.text)
    USBWakeUp_IRQHandler                     0x08000293   Thumb Code     0  startup_stm32f10x_hd.o(.text)
    USB_HP_CAN1_TX_IRQHandler                0x08000293   Thumb Code     0  startup_stm32f10x_hd.o(.text)
    USB_LP_CAN1_RX0_IRQHandler               0x08000293   Thumb Code     0  startup_stm32f10x_hd.o(.text)
    WWDG_IRQHandler                          0x08000293   Thumb Code     0  startup_stm32f10x_hd.o(.text)
    __user_initial_stackheap                 0x08000295   Thumb Code     0  startup_stm32f10x_hd.o(.text)
    __use_no_semihosting                     0x080002b9   Thumb Code     2  use_no_semi_2.o(.text)
    __c89vsprintf                            0x080002bd   Thumb Code    32  c89vsprintf.o(.text)
    __2printf                                0x080002e1   Thumb Code    20  __2printf.o(.text)
    __2sprintf                               0x080002f9   Thumb Code    38  __2sprintf.o(.text)
    _printf_str                              0x08000325   Thumb Code    82  _printf_str.o(.text)
    _printf_longlong_hex                     0x08000379   Thumb Code    86  _printf_hex_int_ll_ptr.o(.text)
    _printf_int_hex                          0x080003cf   Thumb Code    28  _printf_hex_int_ll_ptr.o(.text)
    _printf_ll_hex                           0x080003eb   Thumb Code    12  _printf_hex_int_ll_ptr.o(.text)
    _printf_hex_ptr                          0x080003f7   Thumb Code    18  _printf_hex_int_ll_ptr.o(.text)
    __printf                                 0x0800040d   Thumb Code   388  __printf_flags_ss_wp.o(.text)
    strstr                                   0x08000595   Thumb Code    36  strstr.o(.text)
    strlen                                   0x080005b9   Thumb Code    62  strlen.o(.text)
    __aeabi_memclr4                          0x080005f7   Thumb Code     0  rt_memclr_w.o(.text)
    __aeabi_memclr8                          0x080005f7   Thumb Code     0  rt_memclr_w.o(.text)
    __rt_memclr_w                            0x080005f7   Thumb Code    78  rt_memclr_w.o(.text)
    _memset_w                                0x080005fb   Thumb Code     0  rt_memclr_w.o(.text)
    __use_two_region_memory                  0x08000645   Thumb Code     2  heapauxi.o(.text)
    __rt_heap_escrow$2region                 0x08000647   Thumb Code     2  heapauxi.o(.text)
    __rt_heap_expand$2region                 0x08000649   Thumb Code     2  heapauxi.o(.text)
    __I$use$semihosting                      0x0800064b   Thumb Code     0  use_no_semi.o(.text)
    __use_no_semihosting_swi                 0x0800064b   Thumb Code     2  use_no_semi.o(.text)
    _printf_pre_padding                      0x0800064d   Thumb Code    44  _printf_pad.o(.text)
    _printf_post_padding                     0x08000679   Thumb Code    34  _printf_pad.o(.text)
    _printf_truncate_signed                  0x0800069b   Thumb Code    18  _printf_truncate.o(.text)
    _printf_truncate_unsigned                0x080006ad   Thumb Code    18  _printf_truncate.o(.text)
    _printf_int_common                       0x080006bf   Thumb Code   178  _printf_intcommon.o(.text)
    _printf_int_dec                          0x08000771   Thumb Code   104  _printf_dec.o(.text)
    _printf_charcount                        0x080007e9   Thumb Code    40  _printf_charcount.o(.text)
    _printf_char_common                      0x0800081b   Thumb Code    32  _printf_char_common.o(.text)
    _sputc                                   0x08000841   Thumb Code    10  _sputc.o(.text)
    _printf_cs_common                        0x0800084b   Thumb Code    20  _printf_char.o(.text)
    _printf_char                             0x0800085f   Thumb Code    16  _printf_char.o(.text)
    _printf_string                           0x0800086f   Thumb Code     8  _printf_char.o(.text)
    _printf_char_file                        0x08000879   Thumb Code    32  _printf_char_file.o(.text)
    _printf_wctomb                           0x0800089d   Thumb Code   182  _printf_wctomb.o(.text)
    _printf_longlong_dec                     0x08000959   Thumb Code   108  _printf_longlong_dec.o(.text)
    _printf_longlong_oct                     0x080009d5   Thumb Code    66  _printf_oct_int_ll.o(.text)
    _printf_int_oct                          0x08000a17   Thumb Code    24  _printf_oct_int_ll.o(.text)
    _printf_ll_oct                           0x08000a2f   Thumb Code    12  _printf_oct_int_ll.o(.text)
    _ll_udiv10                               0x08000a45   Thumb Code   138  lludiv10.o(.text)
    __lib_sel_fp_printf                      0x08000acf   Thumb Code     2  _printf_fp_dec.o(.text)
    _printf_fp_dec_real                      0x08000c81   Thumb Code   620  _printf_fp_dec.o(.text)
    _printf_lcs_common                       0x08000eed   Thumb Code    20  _printf_wchar.o(.text)
    _printf_wchar                            0x08000f01   Thumb Code    16  _printf_wchar.o(.text)
    _printf_wstring                          0x08000f11   Thumb Code     8  _printf_wchar.o(.text)
    ferror                                   0x08000f19   Thumb Code     8  ferror.o(.text)
    _wcrtomb                                 0x08000f21   Thumb Code    64  _wcrtomb.o(.text)
    __user_setup_stackheap                   0x08000f61   Thumb Code    74  sys_stackheap_outer.o(.text)
    __rt_ctype_table                         0x08000fad   Thumb Code    16  rt_ctype_table.o(.text)
    __rt_locale                              0x08000fbd   Thumb Code     8  rt_locale_intlibspace.o(.text)
    _printf_fp_infnan                        0x08000fc5   Thumb Code   112  _printf_fp_infnan.o(.text)
    _btod_etento                             0x08001045   Thumb Code   224  bigflt0.o(.text)
    exit                                     0x08001129   Thumb Code    18  exit.o(.text)
    __user_libspace                          0x0800113d   Thumb Code     8  libspace.o(.text)
    __user_perproc_libspace                  0x0800113d   Thumb Code     0  libspace.o(.text)
    __user_perthread_libspace                0x0800113d   Thumb Code     0  libspace.o(.text)
    strcmp                                   0x08001145   Thumb Code   128  strcmpv7m.o(.text)
    _btod_d2e                                0x080011c5   Thumb Code    62  btod.o(CL$$btod_d2e)
    _d2e_denorm_low                          0x08001203   Thumb Code    70  btod.o(CL$$btod_d2e_denorm_low)
    _d2e_norm_op1                            0x08001249   Thumb Code    96  btod.o(CL$$btod_d2e_norm_op1)
    __btod_div_common                        0x080012a9   Thumb Code   696  btod.o(CL$$btod_div_common)
    _e2e                                     0x080015e1   Thumb Code   220  btod.o(CL$$btod_e2e)
    _btod_ediv                               0x080016bd   Thumb Code    42  btod.o(CL$$btod_ediv)
    _btod_emul                               0x080016e7   Thumb Code    42  btod.o(CL$$btod_emul)
    __btod_mult_common                       0x08001711   Thumb Code   580  btod.o(CL$$btod_mult_common)
    BusFault_Handler                         0x08001955   Thumb Code     4  stm32f10x_it.o(i.BusFault_Handler)
    CLR_BUF                                  0x08001959   Thumb Code     8  usart3.o(i.CLR_BUF)
    Chinese2_Show_one                        0x08001965   Thumb Code   176  lcd.o(i.Chinese2_Show_one)
    Chinese3_Show_one                        0x08001a21   Thumb Code   176  lcd.o(i.Chinese3_Show_one)
    Chinese4_Show_one                        0x08001add   Thumb Code   176  lcd.o(i.Chinese4_Show_one)
    Chinese5_Show_one                        0x08001b99   Thumb Code   176  lcd.o(i.Chinese5_Show_one)
    DHT11_Check                              0x08001c55   Thumb Code    92  dht11.o(i.DHT11_Check)
    DHT11_Init                               0x08001cb9   Thumb Code    58  dht11.o(i.DHT11_Init)
    DHT11_Read_Bit                           0x08001cf9   Thumb Code    70  dht11.o(i.DHT11_Read_Bit)
    DHT11_Read_Byte                          0x08001d45   Thumb Code    30  dht11.o(i.DHT11_Read_Byte)
    DHT11_Read_Data                          0x08001d63   Thumb Code    88  dht11.o(i.DHT11_Read_Data)
    DHT11_Rst                                0x08001dbd   Thumb Code    52  dht11.o(i.DHT11_Rst)
    DS1302_GetTime                           0x08001dfd   Thumb Code   308  ds1302.o(i.DS1302_GetTime)
    DS1302_IO_Input                          0x08001f39   Thumb Code    32  ds1302.o(i.DS1302_IO_Input)
    DS1302_IO_Output                         0x08001f5d   Thumb Code    46  ds1302.o(i.DS1302_IO_Output)
    DS1302_Init                              0x08001f91   Thumb Code    80  ds1302.o(i.DS1302_Init)
    DS1302_ReadByte                          0x08001fe5   Thumb Code   156  ds1302.o(i.DS1302_ReadByte)
    DS1302_ReadTime                          0x08002089   Thumb Code    74  ds1302.o(i.DS1302_ReadTime)
    DS1302_WriteByte                         0x080020d9   Thumb Code   158  ds1302.o(i.DS1302_WriteByte)
    DS1302_WriteTime                         0x08002181   Thumb Code   222  ds1302.o(i.DS1302_WriteTime)
    DebugMon_Handler                         0x0800225f   Thumb Code     2  stm32f10x_it.o(i.DebugMon_Handler)
    FSMC_NORSRAMCmd                          0x08002261   Thumb Code    46  stm32f10x_fsmc.o(i.FSMC_NORSRAMCmd)
    FSMC_NORSRAMInit                         0x08002295   Thumb Code   230  stm32f10x_fsmc.o(i.FSMC_NORSRAMInit)
    GPIO_Init                                0x0800237b   Thumb Code   278  stm32f10x_gpio.o(i.GPIO_Init)
    GPIO_ReadInputDataBit                    0x08002491   Thumb Code    18  stm32f10x_gpio.o(i.GPIO_ReadInputDataBit)
    GPIO_ResetBits                           0x080024a3   Thumb Code     4  stm32f10x_gpio.o(i.GPIO_ResetBits)
    GPIO_SetBits                             0x080024a7   Thumb Code     4  stm32f10x_gpio.o(i.GPIO_SetBits)
    HardFault_Handler                        0x080024ab   Thumb Code     4  stm32f10x_it.o(i.HardFault_Handler)
    IO_init                                  0x080024b1   Thumb Code    68  gpio.o(i.IO_init)
    Key_Control                              0x080024fd   Thumb Code   166  gpio.o(i.Key_Control)
    Key_Init                                 0x080025b1   Thumb Code    72  gpio.o(i.Key_Init)
    LCD_Clear                                0x080025fd   Thumb Code    42  lcd.o(i.LCD_Clear)
    LCD_Dis_Init                             0x08002631   Thumb Code   212  lcd.o(i.LCD_Dis_Init)
    LCD_Display_Dir                          0x08002705   Thumb Code   298  lcd.o(i.LCD_Display_Dir)
    LCD_Draw_Picture                         0x08002835   Thumb Code   122  lcd.o(i.LCD_Draw_Picture)
    LCD_Fast_DrawPoint                       0x080028b9   Thumb Code   232  lcd.o(i.LCD_Fast_DrawPoint)
    LCD_Init                                 0x080029a9   Thumb Code  9850  lcd.o(i.LCD_Init)
    LCD_Pow                                  0x0800502d   Thumb Code    22  lcd.o(i.LCD_Pow)
    LCD_RD_DATA                              0x08005045   Thumb Code    14  lcd.o(i.LCD_RD_DATA)
    LCD_SSD_BackLightSet                     0x08005059   Thumb Code    80  lcd.o(i.LCD_SSD_BackLightSet)
    LCD_Scan_Dir                             0x080050ad   Thumb Code   560  lcd.o(i.LCD_Scan_Dir)
    LCD_SetCursor                            0x080052e1   Thumb Code   282  lcd.o(i.LCD_SetCursor)
    LCD_ShowChar                             0x08005401   Thumb Code   272  lcd.o(i.LCD_ShowChar)
    LCD_ShowNum                              0x08005529   Thumb Code   148  lcd.o(i.LCD_ShowNum)
    LCD_ShowString                           0x080055bd   Thumb Code   102  lcd.o(i.LCD_ShowString)
    LCD_WR_DATA                              0x08005625   Thumb Code     6  lcd.o(i.LCD_WR_DATA)
    LCD_WR_REG                               0x08005631   Thumb Code     6  lcd.o(i.LCD_WR_REG)
    LCD_WriteRAM_Prepare                     0x0800563d   Thumb Code    10  lcd.o(i.LCD_WriteRAM_Prepare)
    LCD_WriteReg                             0x08005651   Thumb Code    10  lcd.o(i.LCD_WriteReg)
    MemManage_Handler                        0x08005661   Thumb Code     4  stm32f10x_it.o(i.MemManage_Handler)
    Mode_Set                                 0x08005665   Thumb Code    38  main.o(i.Mode_Set)
    NMI_Handler                              0x08005695   Thumb Code     2  stm32f10x_it.o(i.NMI_Handler)
    NVIC_Init                                0x08005699   Thumb Code   100  misc.o(i.NVIC_Init)
    NVIC_PriorityGroupConfig                 0x08005709   Thumb Code    10  misc.o(i.NVIC_PriorityGroupConfig)
    PendSV_Handler                           0x0800571d   Thumb Code     2  stm32f10x_it.o(i.PendSV_Handler)
    RCC_AHBPeriphClockCmd                    0x08005721   Thumb Code    26  stm32f10x_rcc.o(i.RCC_AHBPeriphClockCmd)
    RCC_APB1PeriphClockCmd                   0x08005741   Thumb Code    26  stm32f10x_rcc.o(i.RCC_APB1PeriphClockCmd)
    RCC_APB1PeriphResetCmd                   0x08005761   Thumb Code    26  stm32f10x_rcc.o(i.RCC_APB1PeriphResetCmd)
    RCC_APB2PeriphClockCmd                   0x08005781   Thumb Code    26  stm32f10x_rcc.o(i.RCC_APB2PeriphClockCmd)
    RCC_APB2PeriphResetCmd                   0x080057a1   Thumb Code    26  stm32f10x_rcc.o(i.RCC_APB2PeriphResetCmd)
    RCC_GetClocksFreq                        0x080057c1   Thumb Code   192  stm32f10x_rcc.o(i.RCC_GetClocksFreq)
    SVC_Handler                              0x08005895   Thumb Code     2  stm32f10x_it.o(i.SVC_Handler)
    SwitchToGbk                              0x08005981   Thumb Code   174  utf8togbk.o(i.SwitchToGbk)
    SysTick_CLKSourceConfig                  0x08005a35   Thumb Code    40  misc.o(i.SysTick_CLKSourceConfig)
    SysTick_Handler                          0x08005a5d   Thumb Code     2  stm32f10x_it.o(i.SysTick_Handler)
    SystemInit                               0x08005a61   Thumb Code    78  system_stm32f10x.o(i.SystemInit)
    TIM3_IRQHandler                          0x08005ac1   Thumb Code    52  tim3.o(i.TIM3_IRQHandler)
    TIM3_Int_Init                            0x08005b05   Thumb Code    90  tim3.o(i.TIM3_Int_Init)
    TIM7_IRQHandler                          0x08005b65   Thumb Code    42  tim3.o(i.TIM7_IRQHandler)
    TIM7_Int_Init                            0x08005b99   Thumb Code    90  tim3.o(i.TIM7_Int_Init)
    TIM_ClearITPendingBit                    0x08005bf9   Thumb Code     6  stm32f10x_tim.o(i.TIM_ClearITPendingBit)
    TIM_Cmd                                  0x08005bff   Thumb Code    24  stm32f10x_tim.o(i.TIM_Cmd)
    TIM_GetITStatus                          0x08005c17   Thumb Code    34  stm32f10x_tim.o(i.TIM_GetITStatus)
    TIM_ITConfig                             0x08005c39   Thumb Code    18  stm32f10x_tim.o(i.TIM_ITConfig)
    TIM_SetCounter                           0x08005c4b   Thumb Code     4  stm32f10x_tim.o(i.TIM_SetCounter)
    TIM_TimeBaseInit                         0x08005c51   Thumb Code   122  stm32f10x_tim.o(i.TIM_TimeBaseInit)
    Time_Set                                 0x08005cf5   Thumb Code   312  main.o(i.Time_Set)
    Time_Set_Show                            0x08005e41   Thumb Code   130  lcd.o(i.Time_Set_Show)
    Time_Show                                0x08005ec9   Thumb Code   148  lcd.o(i.Time_Show)
    USART1_IRQHandler                        0x08005f69   Thumb Code   122  usart.o(i.USART1_IRQHandler)
    USART3_IRQHandler                        0x08005ff1   Thumb Code    96  usart3.o(i.USART3_IRQHandler)
    USART_Cmd                                0x08006061   Thumb Code    24  stm32f10x_usart.o(i.USART_Cmd)
    USART_DeInit                             0x08006079   Thumb Code   134  stm32f10x_usart.o(i.USART_DeInit)
    USART_GetFlagStatus                      0x08006115   Thumb Code    26  stm32f10x_usart.o(i.USART_GetFlagStatus)
    USART_GetITStatus                        0x0800612f   Thumb Code    84  stm32f10x_usart.o(i.USART_GetITStatus)
    USART_ITConfig                           0x08006183   Thumb Code    74  stm32f10x_usart.o(i.USART_ITConfig)
    USART_Init                               0x080061cd   Thumb Code   210  stm32f10x_usart.o(i.USART_Init)
    USART_ReceiveData                        0x080062a5   Thumb Code    10  stm32f10x_usart.o(i.USART_ReceiveData)
    USART_SendData                           0x080062af   Thumb Code     8  stm32f10x_usart.o(i.USART_SendData)
    UsageFault_Handler                       0x080062b7   Thumb Code     4  stm32f10x_it.o(i.UsageFault_Handler)
    Week_Control                             0x080062bb   Thumb Code   146  lcd.o(i.Week_Control)
    __ARM_fpclassify                         0x0800634d   Thumb Code    40  fpclassify.o(i.__ARM_fpclassify)
    _is_digit                                0x08006375   Thumb Code    14  __printf_wp.o(i._is_digit)
    _sys_exit                                0x08006383   Thumb Code     4  usart.o(i._sys_exit)
    atk_8266_check_cmd                       0x08006389   Thumb Code    44  esp8266.o(i.atk_8266_check_cmd)
    atk_8266_quit_trans                      0x080063bd   Thumb Code   100  esp8266.o(i.atk_8266_quit_trans)
    atk_8266_send_cmd                        0x0800642d   Thumb Code    94  esp8266.o(i.atk_8266_send_cmd)
    atk_8266_wifista_config                  0x080064a5   Thumb Code   164  esp8266.o(i.atk_8266_wifista_config)
    delay_init                               0x080065b1   Thumb Code    50  delay.o(i.delay_init)
    delay_ms                                 0x080065f5   Thumb Code    72  delay.o(i.delay_ms)
    delay_us                                 0x08006641   Thumb Code    72  delay.o(i.delay_us)
    fputc                                    0x0800668d   Thumb Code    24  usart.o(i.fputc)
    get_current_weather                      0x080066a9   Thumb Code   196  esp8266.o(i.get_current_weather)
    main                                     0x080067e9   Thumb Code   214  main.o(i.main)
    my_mem_free                              0x080068e1   Thumb Code    96  malloc.o(i.my_mem_free)
    my_mem_init                              0x0800694d   Thumb Code    54  malloc.o(i.my_mem_init)
    my_mem_malloc                            0x08006991   Thumb Code   156  malloc.o(i.my_mem_malloc)
    my_mem_perused                           0x08006a39   Thumb Code    54  malloc.o(i.my_mem_perused)
    myfree                                   0x08006a79   Thumb Code    30  malloc.o(i.myfree)
    mymalloc                                 0x08006a9d   Thumb Code    34  malloc.o(i.mymalloc)
    mymemset                                 0x08006ac5   Thumb Code    20  malloc.o(i.mymemset)
    parse_now_weather                        0x08006ad9   Thumb Code  1244  parsejson.o(i.parse_now_weather)
    u3_printf                                0x08006fbd   Thumb Code    72  usart3.o(i.u3_printf)
    uart_init                                0x0800700d   Thumb Code   152  usart.o(i.uart_init)
    usart3_init                              0x080070ad   Thumb Code   192  usart3.o(i.usart3_init)
    _get_lc_numeric                          0x0800717d   Thumb Code    44  lc_numeric_c.o(locale$$code)
    _get_lc_ctype                            0x080071a9   Thumb Code    44  lc_ctype_c.o(locale$$code)
    __aeabi_d2uiz                            0x080071d5   Thumb Code     0  dfixu.o(x$fpl$dfixu)
    _dfixu                                   0x080071d5   Thumb Code    90  dfixu.o(x$fpl$dfixu)
    __aeabi_ui2d                             0x0800722f   Thumb Code     0  dflt_clz.o(x$fpl$dfltu)
    _dfltu                                   0x0800722f   Thumb Code    38  dflt_clz.o(x$fpl$dfltu)
    __aeabi_dmul                             0x08007255   Thumb Code     0  dmul.o(x$fpl$dmul)
    _dmul                                    0x08007255   Thumb Code   332  dmul.o(x$fpl$dmul)
    __fpl_dnaninf                            0x080073a9   Thumb Code   156  dnaninf.o(x$fpl$dnaninf)
    __fpl_dretinf                            0x08007445   Thumb Code    12  dretinf.o(x$fpl$dretinf)
    _printf_fp_dec                           0x08007451   Thumb Code     4  printf1.o(x$fpl$printf1)
    Chinese1                                 0x08007454   Data         576  lcd.o(.constdata)
    __I$use$fp                               0x08007454   Number         0  usenofp.o(x$fpl$usenofp)
    Chinese2                                 0x08007694   Data         576  lcd.o(.constdata)
    Chinese3                                 0x080078d4   Data         576  lcd.o(.constdata)
    Chinese4                                 0x08007b14   Data         576  lcd.o(.constdata)
    Chinese5                                 0x08007d54   Data         576  lcd.o(.constdata)
    asc2_1206                                0x08007f94   Data        1140  lcd.o(.constdata)
    asc2_1608                                0x08008408   Data        1520  lcd.o(.constdata)
    asc2_2412                                0x080089f8   Data        3420  lcd.o(.constdata)
    gImage_4                                 0x08009754   Data         600  lcd.o(.constdata)
    gImage_0                                 0x080099ac   Data         600  lcd.o(.constdata)
    gImage_1                                 0x08009c04   Data         600  lcd.o(.constdata)
    gImage_2                                 0x08009e5c   Data         600  lcd.o(.constdata)
    gImage_3                                 0x0800a0b4   Data         600  lcd.o(.constdata)
    memtblsize                               0x0800a30c   Data           8  malloc.o(.constdata)
    memblksize                               0x0800a314   Data           8  malloc.o(.constdata)
    memsize                                  0x0800a31c   Data           8  malloc.o(.constdata)
    mb_uni2gb_table                          0x0800a324   Data       41804  utf8togbk.o(.constdata)
    Region$$Table$$Base                      0x08014880   Number         0  anon$$obj.o(Region$$Table)
    Region$$Table$$Limit                     0x080148a0   Number         0  anon$$obj.o(Region$$Table)
    __ctype                                  0x080148c9   Data           0  lc_ctype_c.o(locale$$data)
    count                                    0x20000000   Data           4  main.o(.data)
    count1                                   0x20000004   Data           4  main.o(.data)
    key_count                                0x20000008   Data           4  main.o(.data)
    mode                                     0x2000000c   Data           4  main.o(.data)
    set                                      0x20000010   Data           4  main.o(.data)
    flag                                     0x20000014   Data           4  main.o(.data)
    Temp                                     0x20000018   Data           1  main.o(.data)
    Humi                                     0x20000019   Data           1  main.o(.data)
    SystemCoreClock                          0x2000001c   Data           4  system_stm32f10x.o(.data)
    AHBPrescTable                            0x20000020   Data          16  system_stm32f10x.o(.data)
    time_buf                                 0x20000030   Data           8  ds1302.o(.data)
    sec_buf                                  0x20000038   Data           1  ds1302.o(.data)
    sec_flag                                 0x20000039   Data           1  ds1302.o(.data)
    POINT_COLOR                              0x2000003a   Data           2  lcd.o(.data)
    BACK_COLOR                               0x2000003c   Data           2  lcd.o(.data)
    USART3_RX_STA                            0x2000003e   Data           2  usart3.o(.data)
    Weather                                  0x20000040   Data           1  esp8266.o(.data)
    wifista_ssid                             0x20000044   Data           4  esp8266.o(.data)
    wifista_encryption                       0x20000048   Data           4  esp8266.o(.data)
    wifista_password                         0x2000004c   Data           4  esp8266.o(.data)
    ATK_ESP8266_ECN_TBL                      0x20000050   Data          20  esp8266.o(.data)
    mallco_dev                               0x20000064   Data          28  malloc.o(.data)
    __stdout                                 0x20000084   Data           4  usart.o(.data)
    USART_RX_STA                             0x20000088   Data           2  usart.o(.data)
    key                                      0x200000a0   Data          24  gpio.o(.bss)
    readtime                                 0x200000b8   Data          15  ds1302.o(.bss)
    TimeData                                 0x200000c8   Data          10  ds1302.o(.bss)
    lcddev                                   0x200000d2   Data          14  lcd.o(.bss)
    USART3_RX_BUF                            0x200000e0   Data        1500  usart3.o(.bss)
    USART3_TX_BUF                            0x200006bc   Data         600  usart3.o(.bss)
    mem1base                                 0x20000920   Data       20480  malloc.o(.bss)
    mem1mapbase                              0x20005920   Data        1280  malloc.o(.bss)
    USART_RX_BUF                             0x20005e20   Data         200  usart.o(.bss)
    __libspace_start                         0x20005ee8   Data          96  libspace.o(.bss)
    __temporary_stack_top$libspace           0x20005f48   Data           0  libspace.o(.bss)
    mem2base                                 0x68000000   Data       983040  malloc.o(.ARM.__AT_0x68000000)
    mem2mapbase                              0x680f0000   Data       61440  malloc.o(.ARM.__AT_0x680F0000)



==============================================================================

Memory Map of the image

  Image Entry point : 0x08000279

  Load Region LR_1 (Base: 0x08000000, Size: 0x00014a6c, Max: 0xffffffff, ABSOLUTE)

    Execution Region ER_RO (Exec base: 0x08000000, Load base: 0x08000000, Size: 0x000149cc, Max: 0xffffffff, ABSOLUTE)

    Exec Addr    Load Addr    Size         Type   Attr      Idx    E Section Name        Object

    0x08000000   0x08000000   0x00000130   Data   RO         1119    RESET               startup_stm32f10x_hd.o
    0x08000130   0x08000130   0x00000008   Code   RO         4161  * !!!main             c_w.l(__main.o)
    0x08000138   0x08000138   0x00000034   Code   RO         4447    !!!scatter          c_w.l(__scatter.o)
    0x0800016c   0x0800016c   0x0000001a   Code   RO         4449    !!handler_copy      c_w.l(__scatter_copy.o)
    0x08000186   0x08000186   0x00000002   PAD
    0x08000188   0x08000188   0x0000001c   Code   RO         4451    !!handler_zi        c_w.l(__scatter_zi.o)
    0x080001a4   0x080001a4   0x00000000   Code   RO         4152    .ARM.Collect$$_printf_percent$$00000000  c_w.l(_printf_percent.o)
    0x080001a4   0x080001a4   0x00000006   Code   RO         4208    .ARM.Collect$$_printf_percent$$00000001  c_w.l(_printf_n.o)
    0x080001aa   0x080001aa   0x00000006   Code   RO         4209    .ARM.Collect$$_printf_percent$$00000002  c_w.l(_printf_p.o)
    0x080001b0   0x080001b0   0x00000006   Code   RO         4214    .ARM.Collect$$_printf_percent$$00000003  c_w.l(_printf_f.o)
    0x080001b6   0x080001b6   0x00000006   Code   RO         4215    .ARM.Collect$$_printf_percent$$00000004  c_w.l(_printf_e.o)
    0x080001bc   0x080001bc   0x00000006   Code   RO         4216    .ARM.Collect$$_printf_percent$$00000005  c_w.l(_printf_g.o)
    0x080001c2   0x080001c2   0x00000006   Code   RO         4217    .ARM.Collect$$_printf_percent$$00000006  c_w.l(_printf_a.o)
    0x080001c8   0x080001c8   0x0000000a   Code   RO         4222    .ARM.Collect$$_printf_percent$$00000007  c_w.l(_printf_ll.o)
    0x080001d2   0x080001d2   0x00000006   Code   RO         4211    .ARM.Collect$$_printf_percent$$00000008  c_w.l(_printf_i.o)
    0x080001d8   0x080001d8   0x00000006   Code   RO         4212    .ARM.Collect$$_printf_percent$$00000009  c_w.l(_printf_d.o)
    0x080001de   0x080001de   0x00000006   Code   RO         4213    .ARM.Collect$$_printf_percent$$0000000A  c_w.l(_printf_u.o)
    0x080001e4   0x080001e4   0x00000006   Code   RO         4210    .ARM.Collect$$_printf_percent$$0000000B  c_w.l(_printf_o.o)
    0x080001ea   0x080001ea   0x00000006   Code   RO         4151    .ARM.Collect$$_printf_percent$$0000000C  c_w.l(_printf_x.o)
    0x080001f0   0x080001f0   0x00000006   Code   RO         4219    .ARM.Collect$$_printf_percent$$0000000D  c_w.l(_printf_lli.o)
    0x080001f6   0x080001f6   0x00000006   Code   RO         4220    .ARM.Collect$$_printf_percent$$0000000E  c_w.l(_printf_lld.o)
    0x080001fc   0x080001fc   0x00000006   Code   RO         4221    .ARM.Collect$$_printf_percent$$0000000F  c_w.l(_printf_llu.o)
    0x08000202   0x08000202   0x00000006   Code   RO         4226    .ARM.Collect$$_printf_percent$$00000010  c_w.l(_printf_llo.o)
    0x08000208   0x08000208   0x00000006   Code   RO         4227    .ARM.Collect$$_printf_percent$$00000011  c_w.l(_printf_llx.o)
    0x0800020e   0x0800020e   0x0000000a   Code   RO         4223    .ARM.Collect$$_printf_percent$$00000012  c_w.l(_printf_l.o)
    0x08000218   0x08000218   0x00000006   Code   RO         4207    .ARM.Collect$$_printf_percent$$00000013  c_w.l(_printf_c.o)
    0x0800021e   0x0800021e   0x00000006   Code   RO         4150    .ARM.Collect$$_printf_percent$$00000014  c_w.l(_printf_s.o)
    0x08000224   0x08000224   0x00000006   Code   RO         4224    .ARM.Collect$$_printf_percent$$00000015  c_w.l(_printf_lc.o)
    0x0800022a   0x0800022a   0x00000006   Code   RO         4225    .ARM.Collect$$_printf_percent$$00000016  c_w.l(_printf_ls.o)
    0x08000230   0x08000230   0x00000004   Code   RO         4218    .ARM.Collect$$_printf_percent$$00000017  c_w.l(_printf_percent_end.o)
    0x08000234   0x08000234   0x00000002   Code   RO         4310    .ARM.Collect$$libinit$$00000000  c_w.l(libinit.o)
    0x08000236   0x08000236   0x00000000   Code   RO         4326    .ARM.Collect$$libinit$$00000002  c_w.l(libinit2.o)
    0x08000236   0x08000236   0x00000000   Code   RO         4328    .ARM.Collect$$libinit$$00000004  c_w.l(libinit2.o)
    0x08000236   0x08000236   0x00000000   Code   RO         4331    .ARM.Collect$$libinit$$0000000A  c_w.l(libinit2.o)
    0x08000236   0x08000236   0x00000000   Code   RO         4333    .ARM.Collect$$libinit$$0000000C  c_w.l(libinit2.o)
    0x08000236   0x08000236   0x00000000   Code   RO         4335    .ARM.Collect$$libinit$$0000000E  c_w.l(libinit2.o)
    0x08000236   0x08000236   0x00000006   Code   RO         4336    .ARM.Collect$$libinit$$0000000F  c_w.l(libinit2.o)
    0x0800023c   0x0800023c   0x00000000   Code   RO         4338    .ARM.Collect$$libinit$$00000011  c_w.l(libinit2.o)
    0x0800023c   0x0800023c   0x0000000c   Code   RO         4339    .ARM.Collect$$libinit$$00000012  c_w.l(libinit2.o)
    0x08000248   0x08000248   0x00000000   Code   RO         4340    .ARM.Collect$$libinit$$00000013  c_w.l(libinit2.o)
    0x08000248   0x08000248   0x00000000   Code   RO         4342    .ARM.Collect$$libinit$$00000015  c_w.l(libinit2.o)
    0x08000248   0x08000248   0x0000000a   Code   RO         4343    .ARM.Collect$$libinit$$00000016  c_w.l(libinit2.o)
    0x08000252   0x08000252   0x00000000   Code   RO         4344    .ARM.Collect$$libinit$$00000017  c_w.l(libinit2.o)
    0x08000252   0x08000252   0x00000000   Code   RO         4346    .ARM.Collect$$libinit$$00000019  c_w.l(libinit2.o)
    0x08000252   0x08000252   0x00000000   Code   RO         4348    .ARM.Collect$$libinit$$0000001B  c_w.l(libinit2.o)
    0x08000252   0x08000252   0x00000000   Code   RO         4350    .ARM.Collect$$libinit$$0000001D  c_w.l(libinit2.o)
    0x08000252   0x08000252   0x00000000   Code   RO         4352    .ARM.Collect$$libinit$$0000001F  c_w.l(libinit2.o)
    0x08000252   0x08000252   0x00000000   Code   RO         4354    .ARM.Collect$$libinit$$00000021  c_w.l(libinit2.o)
    0x08000252   0x08000252   0x00000000   Code   RO         4356    .ARM.Collect$$libinit$$00000023  c_w.l(libinit2.o)
    0x08000252   0x08000252   0x00000000   Code   RO         4358    .ARM.Collect$$libinit$$00000025  c_w.l(libinit2.o)
    0x08000252   0x08000252   0x00000000   Code   RO         4362    .ARM.Collect$$libinit$$0000002C  c_w.l(libinit2.o)
    0x08000252   0x08000252   0x00000000   Code   RO         4364    .ARM.Collect$$libinit$$0000002E  c_w.l(libinit2.o)
    0x08000252   0x08000252   0x00000000   Code   RO         4366    .ARM.Collect$$libinit$$00000030  c_w.l(libinit2.o)
    0x08000252   0x08000252   0x00000000   Code   RO         4368    .ARM.Collect$$libinit$$00000032  c_w.l(libinit2.o)
    0x08000252   0x08000252   0x00000002   Code   RO         4369    .ARM.Collect$$libinit$$00000033  c_w.l(libinit2.o)
    0x08000254   0x08000254   0x00000002   Code   RO         4387    .ARM.Collect$$libshutdown$$00000000  c_w.l(libshutdown.o)
    0x08000256   0x08000256   0x00000000   Code   RO         4397    .ARM.Collect$$libshutdown$$00000002  c_w.l(libshutdown2.o)
    0x08000256   0x08000256   0x00000000   Code   RO         4399    .ARM.Collect$$libshutdown$$00000004  c_w.l(libshutdown2.o)
    0x08000256   0x08000256   0x00000000   Code   RO         4401    .ARM.Collect$$libshutdown$$00000006  c_w.l(libshutdown2.o)
    0x08000256   0x08000256   0x00000000   Code   RO         4404    .ARM.Collect$$libshutdown$$00000009  c_w.l(libshutdown2.o)
    0x08000256   0x08000256   0x00000000   Code   RO         4407    .ARM.Collect$$libshutdown$$0000000C  c_w.l(libshutdown2.o)
    0x08000256   0x08000256   0x00000000   Code   RO         4409    .ARM.Collect$$libshutdown$$0000000E  c_w.l(libshutdown2.o)
    0x08000256   0x08000256   0x00000000   Code   RO         4412    .ARM.Collect$$libshutdown$$00000011  c_w.l(libshutdown2.o)
    0x08000256   0x08000256   0x00000002   Code   RO         4413    .ARM.Collect$$libshutdown$$00000012  c_w.l(libshutdown2.o)
    0x08000258   0x08000258   0x00000000   Code   RO         4177    .ARM.Collect$$rtentry$$00000000  c_w.l(__rtentry.o)
    0x08000258   0x08000258   0x00000000   Code   RO         4236    .ARM.Collect$$rtentry$$00000002  c_w.l(__rtentry2.o)
    0x08000258   0x08000258   0x00000006   Code   RO         4248    .ARM.Collect$$rtentry$$00000004  c_w.l(__rtentry4.o)
    0x0800025e   0x0800025e   0x00000000   Code   RO         4238    .ARM.Collect$$rtentry$$00000009  c_w.l(__rtentry2.o)
    0x0800025e   0x0800025e   0x00000004   Code   RO         4239    .ARM.Collect$$rtentry$$0000000A  c_w.l(__rtentry2.o)
    0x08000262   0x08000262   0x00000000   Code   RO         4241    .ARM.Collect$$rtentry$$0000000C  c_w.l(__rtentry2.o)
    0x08000262   0x08000262   0x00000008   Code   RO         4242    .ARM.Collect$$rtentry$$0000000D  c_w.l(__rtentry2.o)
    0x0800026a   0x0800026a   0x00000002   Code   RO         4318    .ARM.Collect$$rtexit$$00000000  c_w.l(rtexit.o)
    0x0800026c   0x0800026c   0x00000000   Code   RO         4371    .ARM.Collect$$rtexit$$00000002  c_w.l(rtexit2.o)
    0x0800026c   0x0800026c   0x00000004   Code   RO         4372    .ARM.Collect$$rtexit$$00000003  c_w.l(rtexit2.o)
    0x08000270   0x08000270   0x00000006   Code   RO         4373    .ARM.Collect$$rtexit$$00000004  c_w.l(rtexit2.o)
    0x08000276   0x08000276   0x00000002   PAD
    0x08000278   0x08000278   0x00000040   Code   RO         1120  * .text               startup_stm32f10x_hd.o
    0x080002b8   0x080002b8   0x00000002   Code   RO         4093    .text               c_w.l(use_no_semi_2.o)
    0x080002ba   0x080002ba   0x00000002   PAD
    0x080002bc   0x080002bc   0x00000024   Code   RO         4095    .text               c_w.l(c89vsprintf.o)
    0x080002e0   0x080002e0   0x00000018   Code   RO         4097    .text               c_w.l(__2printf.o)
    0x080002f8   0x080002f8   0x0000002c   Code   RO         4099    .text               c_w.l(__2sprintf.o)
    0x08000324   0x08000324   0x00000052   Code   RO         4107    .text               c_w.l(_printf_str.o)
    0x08000376   0x08000376   0x00000002   PAD
    0x08000378   0x08000378   0x00000094   Code   RO         4127    .text               c_w.l(_printf_hex_int_ll_ptr.o)
    0x0800040c   0x0800040c   0x00000188   Code   RO         4147    .text               c_w.l(__printf_flags_ss_wp.o)
    0x08000594   0x08000594   0x00000024   Code   RO         4153    .text               c_w.l(strstr.o)
    0x080005b8   0x080005b8   0x0000003e   Code   RO         4155    .text               c_w.l(strlen.o)
    0x080005f6   0x080005f6   0x0000004e   Code   RO         4157    .text               c_w.l(rt_memclr_w.o)
    0x08000644   0x08000644   0x00000006   Code   RO         4159    .text               c_w.l(heapauxi.o)
    0x0800064a   0x0800064a   0x00000002   Code   RO         4175    .text               c_w.l(use_no_semi.o)
    0x0800064c   0x0800064c   0x0000004e   Code   RO         4178    .text               c_w.l(_printf_pad.o)
    0x0800069a   0x0800069a   0x00000024   Code   RO         4180    .text               c_w.l(_printf_truncate.o)
    0x080006be   0x080006be   0x000000b2   Code   RO         4182    .text               c_w.l(_printf_intcommon.o)
    0x08000770   0x08000770   0x00000078   Code   RO         4184    .text               c_w.l(_printf_dec.o)
    0x080007e8   0x080007e8   0x00000028   Code   RO         4186    .text               c_w.l(_printf_charcount.o)
    0x08000810   0x08000810   0x00000030   Code   RO         4188    .text               c_w.l(_printf_char_common.o)
    0x08000840   0x08000840   0x0000000a   Code   RO         4190    .text               c_w.l(_sputc.o)
    0x0800084a   0x0800084a   0x0000002c   Code   RO         4192    .text               c_w.l(_printf_char.o)
    0x08000876   0x08000876   0x00000002   PAD
    0x08000878   0x08000878   0x00000024   Code   RO         4194    .text               c_w.l(_printf_char_file.o)
    0x0800089c   0x0800089c   0x000000bc   Code   RO         4196    .text               c_w.l(_printf_wctomb.o)
    0x08000958   0x08000958   0x0000007c   Code   RO         4199    .text               c_w.l(_printf_longlong_dec.o)
    0x080009d4   0x080009d4   0x00000070   Code   RO         4205    .text               c_w.l(_printf_oct_int_ll.o)
    0x08000a44   0x08000a44   0x0000008a   Code   RO         4250    .text               c_w.l(lludiv10.o)
    0x08000ace   0x08000ace   0x0000041e   Code   RO         4252    .text               c_w.l(_printf_fp_dec.o)
    0x08000eec   0x08000eec   0x0000002c   Code   RO         4256    .text               c_w.l(_printf_wchar.o)
    0x08000f18   0x08000f18   0x00000008   Code   RO         4258    .text               c_w.l(ferror.o)
    0x08000f20   0x08000f20   0x00000040   Code   RO         4262    .text               c_w.l(_wcrtomb.o)
    0x08000f60   0x08000f60   0x0000004a   Code   RO         4264    .text               c_w.l(sys_stackheap_outer.o)
    0x08000faa   0x08000faa   0x00000002   PAD
    0x08000fac   0x08000fac   0x00000010   Code   RO         4266    .text               c_w.l(rt_ctype_table.o)
    0x08000fbc   0x08000fbc   0x00000008   Code   RO         4271    .text               c_w.l(rt_locale_intlibspace.o)
    0x08000fc4   0x08000fc4   0x00000080   Code   RO         4273    .text               c_w.l(_printf_fp_infnan.o)
    0x08001044   0x08001044   0x000000e4   Code   RO         4275    .text               c_w.l(bigflt0.o)
    0x08001128   0x08001128   0x00000012   Code   RO         4303    .text               c_w.l(exit.o)
    0x0800113a   0x0800113a   0x00000002   PAD
    0x0800113c   0x0800113c   0x00000008   Code   RO         4315    .text               c_w.l(libspace.o)
    0x08001144   0x08001144   0x00000080   Code   RO         4323    .text               c_w.l(strcmpv7m.o)
    0x080011c4   0x080011c4   0x0000003e   Code   RO         4278    CL$$btod_d2e        c_w.l(btod.o)
    0x08001202   0x08001202   0x00000046   Code   RO         4280    CL$$btod_d2e_denorm_low  c_w.l(btod.o)
    0x08001248   0x08001248   0x00000060   Code   RO         4279    CL$$btod_d2e_norm_op1  c_w.l(btod.o)
    0x080012a8   0x080012a8   0x00000338   Code   RO         4288    CL$$btod_div_common  c_w.l(btod.o)
    0x080015e0   0x080015e0   0x000000dc   Code   RO         4285    CL$$btod_e2e        c_w.l(btod.o)
    0x080016bc   0x080016bc   0x0000002a   Code   RO         4282    CL$$btod_ediv       c_w.l(btod.o)
    0x080016e6   0x080016e6   0x0000002a   Code   RO         4281    CL$$btod_emul       c_w.l(btod.o)
    0x08001710   0x08001710   0x00000244   Code   RO         4287    CL$$btod_mult_common  c_w.l(btod.o)
    0x08001954   0x08001954   0x00000004   Code   RO          179    i.BusFault_Handler  stm32f10x_it.o
    0x08001958   0x08001958   0x0000000c   Code   RO          790    i.CLR_BUF           usart3.o
    0x08001964   0x08001964   0x000000bc   Code   RO          376    i.Chinese2_Show_one  lcd.o
    0x08001a20   0x08001a20   0x000000bc   Code   RO          377    i.Chinese3_Show_one  lcd.o
    0x08001adc   0x08001adc   0x000000bc   Code   RO          378    i.Chinese4_Show_one  lcd.o
    0x08001b98   0x08001b98   0x000000bc   Code   RO          379    i.Chinese5_Show_one  lcd.o
    0x08001c54   0x08001c54   0x00000064   Code   RO          737    i.DHT11_Check       dht11.o
    0x08001cb8   0x08001cb8   0x00000040   Code   RO          738    i.DHT11_Init        dht11.o
    0x08001cf8   0x08001cf8   0x0000004c   Code   RO          739    i.DHT11_Read_Bit    dht11.o
    0x08001d44   0x08001d44   0x0000001e   Code   RO          740    i.DHT11_Read_Byte   dht11.o
    0x08001d62   0x08001d62   0x00000058   Code   RO          741    i.DHT11_Read_Data   dht11.o
    0x08001dba   0x08001dba   0x00000002   PAD
    0x08001dbc   0x08001dbc   0x00000040   Code   RO          742    i.DHT11_Rst         dht11.o
    0x08001dfc   0x08001dfc   0x0000013c   Code   RO          310    i.DS1302_GetTime    ds1302.o
    0x08001f38   0x08001f38   0x00000024   Code   RO          311    i.DS1302_IO_Input   ds1302.o
    0x08001f5c   0x08001f5c   0x00000034   Code   RO          312    i.DS1302_IO_Output  ds1302.o
    0x08001f90   0x08001f90   0x00000054   Code   RO          313    i.DS1302_Init       ds1302.o
    0x08001fe4   0x08001fe4   0x000000a4   Code   RO          314    i.DS1302_ReadByte   ds1302.o
    0x08002088   0x08002088   0x00000050   Code   RO          315    i.DS1302_ReadTime   ds1302.o
    0x080020d8   0x080020d8   0x000000a8   Code   RO          316    i.DS1302_WriteByte  ds1302.o
    0x08002180   0x08002180   0x000000de   Code   RO          317    i.DS1302_WriteTime  ds1302.o
    0x0800225e   0x0800225e   0x00000002   Code   RO          180    i.DebugMon_Handler  stm32f10x_it.o
    0x08002260   0x08002260   0x00000034   Code   RO         2160    i.FSMC_NORSRAMCmd   stm32f10x_fsmc.o
    0x08002294   0x08002294   0x000000e6   Code   RO         2162    i.FSMC_NORSRAMInit  stm32f10x_fsmc.o
    0x0800237a   0x0800237a   0x00000116   Code   RO         2275    i.GPIO_Init         stm32f10x_gpio.o
    0x08002490   0x08002490   0x00000012   Code   RO         2279    i.GPIO_ReadInputDataBit  stm32f10x_gpio.o
    0x080024a2   0x080024a2   0x00000004   Code   RO         2282    i.GPIO_ResetBits    stm32f10x_gpio.o
    0x080024a6   0x080024a6   0x00000004   Code   RO         2283    i.GPIO_SetBits      stm32f10x_gpio.o
    0x080024aa   0x080024aa   0x00000004   Code   RO          181    i.HardFault_Handler  stm32f10x_it.o
    0x080024ae   0x080024ae   0x00000002   PAD
    0x080024b0   0x080024b0   0x0000004c   Code   RO          276    i.IO_init           gpio.o
    0x080024fc   0x080024fc   0x000000b4   Code   RO          277    i.Key_Control       gpio.o
    0x080025b0   0x080025b0   0x0000004c   Code   RO          278    i.Key_Init          gpio.o
    0x080025fc   0x080025fc   0x00000034   Code   RO          381    i.LCD_Clear         lcd.o
    0x08002630   0x08002630   0x000000d4   Code   RO          383    i.LCD_Dis_Init      lcd.o
    0x08002704   0x08002704   0x00000130   Code   RO          386    i.LCD_Display_Dir   lcd.o
    0x08002834   0x08002834   0x00000084   Code   RO          391    i.LCD_Draw_Picture  lcd.o
    0x080028b8   0x080028b8   0x000000f0   Code   RO          392    i.LCD_Fast_DrawPoint  lcd.o
    0x080029a8   0x080029a8   0x00002684   Code   RO          394    i.LCD_Init          lcd.o
    0x0800502c   0x0800502c   0x00000016   Code   RO          395    i.LCD_Pow           lcd.o
    0x08005042   0x08005042   0x00000002   PAD
    0x08005044   0x08005044   0x00000014   Code   RO          396    i.LCD_RD_DATA       lcd.o
    0x08005058   0x08005058   0x00000054   Code   RO          399    i.LCD_SSD_BackLightSet  lcd.o
    0x080050ac   0x080050ac   0x00000234   Code   RO          400    i.LCD_Scan_Dir      lcd.o
    0x080052e0   0x080052e0   0x00000120   Code   RO          401    i.LCD_SetCursor     lcd.o
    0x08005400   0x08005400   0x00000128   Code   RO          403    i.LCD_ShowChar      lcd.o
    0x08005528   0x08005528   0x00000094   Code   RO          404    i.LCD_ShowNum       lcd.o
    0x080055bc   0x080055bc   0x00000066   Code   RO          405    i.LCD_ShowString    lcd.o
    0x08005622   0x08005622   0x00000002   PAD
    0x08005624   0x08005624   0x0000000c   Code   RO          407    i.LCD_WR_DATA       lcd.o
    0x08005630   0x08005630   0x0000000c   Code   RO          408    i.LCD_WR_REG        lcd.o
    0x0800563c   0x0800563c   0x00000014   Code   RO          410    i.LCD_WriteRAM_Prepare  lcd.o
    0x08005650   0x08005650   0x00000010   Code   RO          411    i.LCD_WriteReg      lcd.o
    0x08005660   0x08005660   0x00000004   Code   RO          182    i.MemManage_Handler  stm32f10x_it.o
    0x08005664   0x08005664   0x00000030   Code   RO            1    i.Mode_Set          main.o
    0x08005694   0x08005694   0x00000002   Code   RO          183    i.NMI_Handler       stm32f10x_it.o
    0x08005696   0x08005696   0x00000002   PAD
    0x08005698   0x08005698   0x00000070   Code   RO         1124    i.NVIC_Init         misc.o
    0x08005708   0x08005708   0x00000014   Code   RO         1125    i.NVIC_PriorityGroupConfig  misc.o
    0x0800571c   0x0800571c   0x00000002   Code   RO          184    i.PendSV_Handler    stm32f10x_it.o
    0x0800571e   0x0800571e   0x00000002   PAD
    0x08005720   0x08005720   0x00000020   Code   RO         2690    i.RCC_AHBPeriphClockCmd  stm32f10x_rcc.o
    0x08005740   0x08005740   0x00000020   Code   RO         2691    i.RCC_APB1PeriphClockCmd  stm32f10x_rcc.o
    0x08005760   0x08005760   0x00000020   Code   RO         2692    i.RCC_APB1PeriphResetCmd  stm32f10x_rcc.o
    0x08005780   0x08005780   0x00000020   Code   RO         2693    i.RCC_APB2PeriphClockCmd  stm32f10x_rcc.o
    0x080057a0   0x080057a0   0x00000020   Code   RO         2694    i.RCC_APB2PeriphResetCmd  stm32f10x_rcc.o
    0x080057c0   0x080057c0   0x000000d4   Code   RO         2701    i.RCC_GetClocksFreq  stm32f10x_rcc.o
    0x08005894   0x08005894   0x00000002   Code   RO          185    i.SVC_Handler       stm32f10x_it.o
    0x08005896   0x08005896   0x00000008   Code   RO          242    i.SetSysClock       system_stm32f10x.o
    0x0800589e   0x0800589e   0x00000002   PAD
    0x080058a0   0x080058a0   0x000000e0   Code   RO          243    i.SetSysClockTo72   system_stm32f10x.o
    0x08005980   0x08005980   0x000000b4   Code   RO          996    i.SwitchToGbk       utf8togbk.o
    0x08005a34   0x08005a34   0x00000028   Code   RO         1128    i.SysTick_CLKSourceConfig  misc.o
    0x08005a5c   0x08005a5c   0x00000002   Code   RO          186    i.SysTick_Handler   stm32f10x_it.o
    0x08005a5e   0x08005a5e   0x00000002   PAD
    0x08005a60   0x08005a60   0x00000060   Code   RO          245    i.SystemInit        system_stm32f10x.o
    0x08005ac0   0x08005ac0   0x00000044   Code   RO          704    i.TIM3_IRQHandler   tim3.o
    0x08005b04   0x08005b04   0x00000060   Code   RO          705    i.TIM3_Int_Init     tim3.o
    0x08005b64   0x08005b64   0x00000034   Code   RO          706    i.TIM7_IRQHandler   tim3.o
    0x08005b98   0x08005b98   0x00000060   Code   RO          707    i.TIM7_Int_Init     tim3.o
    0x08005bf8   0x08005bf8   0x00000006   Code   RO         3320    i.TIM_ClearITPendingBit  stm32f10x_tim.o
    0x08005bfe   0x08005bfe   0x00000018   Code   RO         3325    i.TIM_Cmd           stm32f10x_tim.o
    0x08005c16   0x08005c16   0x00000022   Code   RO         3346    i.TIM_GetITStatus   stm32f10x_tim.o
    0x08005c38   0x08005c38   0x00000012   Code   RO         3350    i.TIM_ITConfig      stm32f10x_tim.o
    0x08005c4a   0x08005c4a   0x00000004   Code   RO         3390    i.TIM_SetCounter    stm32f10x_tim.o
    0x08005c4e   0x08005c4e   0x00000002   PAD
    0x08005c50   0x08005c50   0x000000a4   Code   RO         3396    i.TIM_TimeBaseInit  stm32f10x_tim.o
    0x08005cf4   0x08005cf4   0x0000014c   Code   RO            2    i.Time_Set          main.o
    0x08005e40   0x08005e40   0x00000088   Code   RO          412    i.Time_Set_Show     lcd.o
    0x08005ec8   0x08005ec8   0x000000a0   Code   RO          413    i.Time_Show         lcd.o
    0x08005f68   0x08005f68   0x00000088   Code   RO         1066    i.USART1_IRQHandler  usart.o
    0x08005ff0   0x08005ff0   0x00000070   Code   RO          791    i.USART3_IRQHandler  usart3.o
    0x08006060   0x08006060   0x00000018   Code   RO         3861    i.USART_Cmd         stm32f10x_usart.o
    0x08006078   0x08006078   0x0000009c   Code   RO         3863    i.USART_DeInit      stm32f10x_usart.o
    0x08006114   0x08006114   0x0000001a   Code   RO         3864    i.USART_GetFlagStatus  stm32f10x_usart.o
    0x0800612e   0x0800612e   0x00000054   Code   RO         3865    i.USART_GetITStatus  stm32f10x_usart.o
    0x08006182   0x08006182   0x0000004a   Code   RO         3867    i.USART_ITConfig    stm32f10x_usart.o
    0x080061cc   0x080061cc   0x000000d8   Code   RO         3868    i.USART_Init        stm32f10x_usart.o
    0x080062a4   0x080062a4   0x0000000a   Code   RO         3875    i.USART_ReceiveData  stm32f10x_usart.o
    0x080062ae   0x080062ae   0x00000008   Code   RO         3878    i.USART_SendData    stm32f10x_usart.o
    0x080062b6   0x080062b6   0x00000004   Code   RO          187    i.UsageFault_Handler  stm32f10x_it.o
    0x080062ba   0x080062ba   0x00000092   Code   RO          414    i.Week_Control      lcd.o
    0x0800634c   0x0800634c   0x00000028   Code   RO         4313    i.__ARM_fpclassify  m_ws.l(fpclassify.o)
    0x08006374   0x08006374   0x0000000e   Code   RO         4140    i._is_digit         c_w.l(__printf_wp.o)
    0x08006382   0x08006382   0x00000004   Code   RO         1067    i._sys_exit         usart.o
    0x08006386   0x08006386   0x00000002   PAD
    0x08006388   0x08006388   0x00000034   Code   RO          835    i.atk_8266_check_cmd  esp8266.o
    0x080063bc   0x080063bc   0x00000070   Code   RO          838    i.atk_8266_quit_trans  esp8266.o
    0x0800642c   0x0800642c   0x00000078   Code   RO          839    i.atk_8266_send_cmd  esp8266.o
    0x080064a4   0x080064a4   0x0000010c   Code   RO          841    i.atk_8266_wifista_config  esp8266.o
    0x080065b0   0x080065b0   0x00000044   Code   RO         1011    i.delay_init        delay.o
    0x080065f4   0x080065f4   0x0000004c   Code   RO         1012    i.delay_ms          delay.o
    0x08006640   0x08006640   0x0000004c   Code   RO         1013    i.delay_us          delay.o
    0x0800668c   0x0800668c   0x0000001c   Code   RO         1068    i.fputc             usart.o
    0x080066a8   0x080066a8   0x00000140   Code   RO          842    i.get_current_weather  esp8266.o
    0x080067e8   0x080067e8   0x000000f8   Code   RO            3    i.main              main.o
    0x080068e0   0x080068e0   0x0000006c   Code   RO          901    i.my_mem_free       malloc.o
    0x0800694c   0x0800694c   0x00000044   Code   RO          902    i.my_mem_init       malloc.o
    0x08006990   0x08006990   0x000000a8   Code   RO          903    i.my_mem_malloc     malloc.o
    0x08006a38   0x08006a38   0x00000040   Code   RO          904    i.my_mem_perused    malloc.o
    0x08006a78   0x08006a78   0x00000024   Code   RO          905    i.myfree            malloc.o
    0x08006a9c   0x08006a9c   0x00000028   Code   RO          906    i.mymalloc          malloc.o
    0x08006ac4   0x08006ac4   0x00000014   Code   RO          908    i.mymemset          malloc.o
    0x08006ad8   0x08006ad8   0x000004e4   Code   RO          971    i.parse_now_weather  parsejson.o
    0x08006fbc   0x08006fbc   0x00000050   Code   RO          792    i.u3_printf         usart3.o
    0x0800700c   0x0800700c   0x000000a0   Code   RO         1069    i.uart_init         usart.o
    0x080070ac   0x080070ac   0x000000d0   Code   RO          793    i.usart3_init       usart3.o
    0x0800717c   0x0800717c   0x0000002c   Code   RO         4301    locale$$code        c_w.l(lc_numeric_c.o)
    0x080071a8   0x080071a8   0x0000002c   Code   RO         4321    locale$$code        c_w.l(lc_ctype_c.o)
    0x080071d4   0x080071d4   0x0000005a   Code   RO         4163    x$fpl$dfixu         fz_ws.l(dfixu.o)
    0x0800722e   0x0800722e   0x00000026   Code   RO         4167    x$fpl$dfltu         fz_ws.l(dflt_clz.o)
    0x08007254   0x08007254   0x00000154   Code   RO         4173    x$fpl$dmul          fz_ws.l(dmul.o)
    0x080073a8   0x080073a8   0x0000009c   Code   RO         4228    x$fpl$dnaninf       fz_ws.l(dnaninf.o)
    0x08007444   0x08007444   0x0000000c   Code   RO         4230    x$fpl$dretinf       fz_ws.l(dretinf.o)
    0x08007450   0x08007450   0x00000004   Code   RO         4232    x$fpl$printf1       fz_ws.l(printf1.o)
    0x08007454   0x08007454   0x00000000   Code   RO         4234    x$fpl$usenofp       fz_ws.l(usenofp.o)
    0x08007454   0x08007454   0x00002eb8   Data   RO          417    .constdata          lcd.o
    0x0800a30c   0x0800a30c   0x00000018   Data   RO          913    .constdata          malloc.o
    0x0800a324   0x0800a324   0x0000a34c   Data   RO          997    .constdata          utf8togbk.o
    0x08014670   0x08014670   0x00000028   Data   RO         4128    .constdata          c_w.l(_printf_hex_int_ll_ptr.o)
    0x08014698   0x08014698   0x00000011   Data   RO         4148    .constdata          c_w.l(__printf_flags_ss_wp.o)
    0x080146a9   0x080146a9   0x00000003   PAD
    0x080146ac   0x080146ac   0x00000008   Data   RO         4197    .constdata          c_w.l(_printf_wctomb.o)
    0x080146b4   0x080146b4   0x00000094   Data   RO         4276    .constdata          c_w.l(bigflt0.o)
    0x08014748   0x08014748   0x00000138   Data   RO          843    .conststring        esp8266.o
    0x08014880   0x08014880   0x00000020   Data   RO         4445    Region$$Table       anon$$obj.o
    0x080148a0   0x080148a0   0x0000001c   Data   RO         4300    locale$$data        c_w.l(lc_numeric_c.o)
    0x080148bc   0x080148bc   0x00000110   Data   RO         4320    locale$$data        c_w.l(lc_ctype_c.o)


    Execution Region ER_RW (Exec base: 0x20000000, Load base: 0x080149cc, Size: 0x000000a0, Max: 0xffffffff, ABSOLUTE)

    Exec Addr    Load Addr    Size         Type   Attr      Idx    E Section Name        Object

    0x20000000   0x080149cc   0x0000001a   Data   RW            4    .data               main.o
    0x2000001a   0x080149e6   0x00000002   PAD
    0x2000001c   0x080149e8   0x00000014   Data   RW          246    .data               system_stm32f10x.o
    0x20000030   0x080149fc   0x0000000a   Data   RW          319    .data               ds1302.o
    0x2000003a   0x08014a06   0x00000004   Data   RW          418    .data               lcd.o
    0x2000003e   0x08014a0a   0x00000002   Data   RW          795    .data               usart3.o
    0x20000040   0x08014a0c   0x00000024   Data   RW          844    .data               esp8266.o
    0x20000064   0x08014a30   0x0000001c   Data   RW          914    .data               malloc.o
    0x20000080   0x08014a4c   0x00000004   Data   RW         1014    .data               delay.o
    0x20000084   0x08014a50   0x00000006   Data   RW         1071    .data               usart.o
    0x2000008a   0x08014a56   0x00000014   Data   RW         2721    .data               stm32f10x_rcc.o


    Execution Region ER_ZI (Exec base: 0x200000a0, Load base: 0x08014a6c, Size: 0x000064a8, Max: 0xffffffff, ABSOLUTE)

    Exec Addr    Load Addr    Size         Type   Attr      Idx    E Section Name        Object

    0x200000a0        -       0x00000018   Zero   RW          279    .bss                gpio.o
    0x200000b8        -       0x0000001a   Zero   RW          318    .bss                ds1302.o
    0x200000d2        -       0x0000000e   Zero   RW          416    .bss                lcd.o
    0x200000e0        -       0x00000834   Zero   RW          794    .bss                usart3.o
    0x20000914   0x08014a6c   0x0000000c   PAD
    0x20000920        -       0x00005500   Zero   RW          912    .bss                malloc.o
    0x20005e20        -       0x000000c8   Zero   RW         1070    .bss                usart.o
    0x20005ee8        -       0x00000060   Zero   RW         4316    .bss                c_w.l(libspace.o)
    0x20005f48        -       0x00000200   Zero   RW         1118    HEAP                startup_stm32f10x_hd.o
    0x20006148        -       0x00000400   Zero   RW         1117    STACK               startup_stm32f10x_hd.o



  Load Region LR$$.ARM.__AT_0x68000000 (Base: 0x68000000, Size: 0x00000000, Max: 0x000f0000, ABSOLUTE)

    Execution Region ER$$.ARM.__AT_0x68000000 (Exec base: 0x68000000, Load base: 0x68000000, Size: 0x000f0000, Max: 0x000f0000, ABSOLUTE, UNINIT)

    Exec Addr    Load Addr    Size         Type   Attr      Idx    E Section Name        Object

    0x68000000        -       0x000f0000   Zero   RW          910    .ARM.__AT_0x68000000  malloc.o



  Load Region LR$$.ARM.__AT_0x680F0000 (Base: 0x680f0000, Size: 0x00000000, Max: 0x0000f000, ABSOLUTE)

    Execution Region ER$$.ARM.__AT_0x680F0000 (Exec base: 0x680f0000, Load base: 0x680f0000, Size: 0x0000f000, Max: 0x0000f000, ABSOLUTE, UNINIT)

    Exec Addr    Load Addr    Size         Type   Attr      Idx    E Section Name        Object

    0x680f0000        -       0x0000f000   Zero   RW          911    .ARM.__AT_0x680F0000  malloc.o


==============================================================================

Image component sizes


      Code (inc. data)   RO Data    RW Data    ZI Data      Debug   Object Name

       220         26          0          4          0       1591   delay.o
       422         32          0          0          0       3336   dht11.o
      1122         46          0         10         26       5204   ds1302.o
       872        274        312         36          0       3570   esp8266.o
       332         26          0          0         24       2133   gpio.o
     13578        244      11960          4         14     228488   lcd.o
       628         64          0         26          0     262898   main.o
       504         60         24         28    1066240       5509   malloc.o
       172         22          0          0          0       1921   misc.o
      1252        106          0          0          0       1826   parsejson.o
        64         26        304          0       1536        772   startup_stm32f10x_hd.o
       282          6          0          0          0       1713   stm32f10x_fsmc.o
       304          0          0          0          0       3496   stm32f10x_gpio.o
        26          0          0          0          0       3406   stm32f10x_it.o
       372         50          0         20          0       5880   stm32f10x_rcc.o
       250         42          0          0          0       3855   stm32f10x_tim.o
       598         28          0          0          0       6488   stm32f10x_usart.o
         0          0          0          0          0         32   sys.o
       328         28          0         20          0       1917   system_stm32f10x.o
       312         38          0          0          0       1988   tim3.o
       328         26          0          6        200       3912   usart.o
       412         44          0          2       2100       3148   usart3.o
       180          6      41804          0          0       1480   utf8togbk.o

    ----------------------------------------------------------------------
     22578       1194      54436        160    1070152     554563   Object Totals
         0          0         32          0          0          0   (incl. Generated)
        20          0          0          4         12          0   (incl. Padding)

    ----------------------------------------------------------------------

      Code (inc. data)   RO Data    RW Data    ZI Data      Debug   Library Member Name

        24          4          0          0          0         84   __2printf.o
        44          6          0          0          0         84   __2sprintf.o
         8          0          0          0          0         68   __main.o
       392          4         17          0          0         92   __printf_flags_ss_wp.o
        14          0          0          0          0         68   __printf_wp.o
         0          0          0          0          0          0   __rtentry.o
        12          0          0          0          0          0   __rtentry2.o
         6          0          0          0          0          0   __rtentry4.o
        52          8          0          0          0          0   __scatter.o
        26          0          0          0          0          0   __scatter_copy.o
        28          0          0          0          0          0   __scatter_zi.o
         6          0          0          0          0          0   _printf_a.o
         6          0          0          0          0          0   _printf_c.o
        44          0          0          0          0        108   _printf_char.o
        48          6          0          0          0         96   _printf_char_common.o
        36          4          0          0          0         80   _printf_char_file.o
        40          0          0          0          0         68   _printf_charcount.o
         6          0          0          0          0          0   _printf_d.o
       120         16          0          0          0         92   _printf_dec.o
         6          0          0          0          0          0   _printf_e.o
         6          0          0          0          0          0   _printf_f.o
      1054          0          0          0          0        216   _printf_fp_dec.o
       128         16          0          0          0         84   _printf_fp_infnan.o
         6          0          0          0          0          0   _printf_g.o
       148          4         40          0          0        160   _printf_hex_int_ll_ptr.o
         6          0          0          0          0          0   _printf_i.o
       178          0          0          0          0         88   _printf_intcommon.o
        10          0          0          0          0          0   _printf_l.o
         6          0          0          0          0          0   _printf_lc.o
        10          0          0          0          0          0   _printf_ll.o
         6          0          0          0          0          0   _printf_lld.o
         6          0          0          0          0          0   _printf_lli.o
         6          0          0          0          0          0   _printf_llo.o
         6          0          0          0          0          0   _printf_llu.o
         6          0          0          0          0          0   _printf_llx.o
       124         16          0          0          0         92   _printf_longlong_dec.o
         6          0          0          0          0          0   _printf_ls.o
         6          0          0          0          0          0   _printf_n.o
         6          0          0          0          0          0   _printf_o.o
       112         10          0          0          0        124   _printf_oct_int_ll.o
         6          0          0          0          0          0   _printf_p.o
        78          0          0          0          0        108   _printf_pad.o
         0          0          0          0          0          0   _printf_percent.o
         4          0          0          0          0          0   _printf_percent_end.o
         6          0          0          0          0          0   _printf_s.o
        82          0          0          0          0         80   _printf_str.o
        36          0          0          0          0         84   _printf_truncate.o
         6          0          0          0          0          0   _printf_u.o
        44          0          0          0          0        108   _printf_wchar.o
       188          6          8          0          0         92   _printf_wctomb.o
         6          0          0          0          0          0   _printf_x.o
        10          0          0          0          0         68   _sputc.o
        64          0          0          0          0         92   _wcrtomb.o
       228          4        148          0          0         96   bigflt0.o
      1936        128          0          0          0        672   btod.o
        36          4          0          0          0         76   c89vsprintf.o
        18          0          0          0          0         80   exit.o
         8          0          0          0          0         68   ferror.o
         6          0          0          0          0        152   heapauxi.o
        44         10        272          0          0         76   lc_ctype_c.o
        44         10         28          0          0         76   lc_numeric_c.o
         2          0          0          0          0          0   libinit.o
        30          0          0          0          0          0   libinit2.o
         2          0          0          0          0          0   libshutdown.o
         2          0          0          0          0          0   libshutdown2.o
         8          4          0          0         96         68   libspace.o
       138          0          0          0          0         80   lludiv10.o
        16          4          0          0          0         76   rt_ctype_table.o
         8          4          0          0          0         68   rt_locale_intlibspace.o
        78          0          0          0          0         80   rt_memclr_w.o
         2          0          0          0          0          0   rtexit.o
        10          0          0          0          0          0   rtexit2.o
       128          0          0          0          0         68   strcmpv7m.o
        62          0          0          0          0         76   strlen.o
        36          0          0          0          0         80   strstr.o
        74          0          0          0          0         80   sys_stackheap_outer.o
         2          0          0          0          0         68   use_no_semi.o
         2          0          0          0          0         68   use_no_semi_2.o
        90          4          0          0          0         92   dfixu.o
        38          0          0          0          0         68   dflt_clz.o
       340         12          0          0          0        104   dmul.o
       156          4          0          0          0         92   dnaninf.o
        12          0          0          0          0         68   dretinf.o
         4          0          0          0          0         68   printf1.o
         0          0          0          0          0          0   usenofp.o
        40          0          0          0          0         68   fpclassify.o

    ----------------------------------------------------------------------
      6898        288        516          0         96       4904   Library Totals
        14          0          3          0          0          0   (incl. Padding)

    ----------------------------------------------------------------------

      Code (inc. data)   RO Data    RW Data    ZI Data      Debug   Library Name

      6204        268        513          0         96       4344   c_w.l
       640         20          0          0          0        492   fz_ws.l
        40          0          0          0          0         68   m_ws.l

    ----------------------------------------------------------------------
      6898        288        516          0         96       4904   Library Totals

    ----------------------------------------------------------------------

==============================================================================


      Code (inc. data)   RO Data    RW Data    ZI Data      Debug   

     29476       1482      54952        160    1070248     551039   Grand Totals
     29476       1482      54952        160    1070248     551039   ELF Image Totals
     29476       1482      54952        160          0          0   ROM Totals

==============================================================================

    Total RO  Size (Code + RO Data)                84428 (  82.45kB)
    Total RW  Size (RW Data + ZI Data)           1070408 (1045.32kB)
    Total ROM Size (Code + RO Data + RW Data)      84588 (  82.61kB)

==============================================================================

